../Core/Src/main.c:166:5:main	8	static
../Core/Src/main.c:282:6:SystemClock_Config	96	static
../Core/Src/main.c:333:13:MX_ADC1_Init	32	static
../Core/Src/main.c:392:13:MX_DAC1_Init	48	static
../Core/Src/main.c:436:13:MX_LPUART1_UART_Init	8	static
../Core/Src/main.c:484:13:MX_USART3_UART_Init	8	static
../Core/Src/main.c:532:13:MX_TIM3_Init	40	static
../Core/Src/main.c:577:13:MX_TIM4_Init	40	static
../Core/Src/main.c:622:13:MX_TIM7_Init	24	static
../Core/Src/main.c:660:13:MX_USB_OTG_FS_PCD_Init	8	static
../Core/Src/main.c:695:13:MX_GPIO_Init	56	static
../Core/Src/main.c:752:6:HAL_ADC_ConvCpltCallback	16	static
../Core/Src/main.c:767:6:StartFiltrace	144	static
../Core/Src/main.c:800:6:StartRegulace	120	static
../Core/Src/main.c:869:6:StartCommunication	24	static
../Core/Src/main.c:902:6:HAL_TIM_PeriodElapsedCallback	16	static
../Core/Src/main.c:926:6:Error_Handler	4	static,ignoring_inline_asm
