../Core/Src/main.c:102:5:main	8	static
../Core/Src/main.c:196:6:SystemClock_Config	96	static
../Core/Src/main.c:247:13:MX_ADC1_Init	32	static
../Core/Src/main.c:306:13:MX_DAC1_Init	48	static
../Core/Src/main.c:350:13:MX_LPUART1_UART_Init	8	static
../Core/Src/main.c:398:13:MX_USART3_UART_Init	8	static
../Core/Src/main.c:446:13:MX_TIM3_Init	40	static
../Core/Src/main.c:491:13:MX_TIM7_Init	24	static
../Core/Src/main.c:529:13:MX_USB_OTG_FS_PCD_Init	8	static
../Core/Src/main.c:564:13:MX_GPIO_Init	56	static
../Core/Src/main.c:621:6:HAL_ADC_ConvCpltCallback	16	static
../Core/Src/main.c:634:6:StartFiltrace	144	static
../Core/Src/main.c:673:6:HAL_TIM_PeriodElapsedCallback	16	static
../Core/Src/main.c:691:6:Error_Handler	4	static,ignoring_inline_asm
