../Core/Src/main.c:98:5:main	8	static
../Core/Src/main.c:189:6:SystemClock_Config	96	static
../Core/Src/main.c:240:13:MX_ADC1_Init	32	static
../Core/Src/main.c:299:13:MX_DAC1_Init	48	static
../Core/Src/main.c:343:13:MX_LPUART1_UART_Init	8	static
../Core/Src/main.c:391:13:MX_USART3_UART_Init	8	static
../Core/Src/main.c:439:13:MX_TIM3_Init	40	static
../Core/Src/main.c:484:13:MX_TIM7_Init	24	static
../Core/Src/main.c:522:13:MX_USB_OTG_FS_PCD_Init	8	static
../Core/Src/main.c:557:13:MX_GPIO_Init	56	static
../Core/Src/main.c:614:6:HAL_ADC_ConvCpltCallback	16	static
../Core/Src/main.c:627:6:StartFiltrace	16	static
../Core/Src/main.c:647:6:HAL_TIM_PeriodElapsedCallback	16	static
../Core/Src/main.c:667:6:Error_Handler	4	static,ignoring_inline_asm
