15:55:17 **** Incremental Build of configuration Debug for project cv04 ****
make -j12 all 
arm-none-eabi-gcc "../Core/Src/main.c" -mcpu=cortex-m4 -std=gnu11 -g3 -DDEBUG -DUSE_HAL_DRIVER -DSTM32L4R5xx -c -I../Core/Inc -I../Drivers/STM32L4xx_HAL_Driver/Inc -I../Drivers/STM32L4xx_HAL_Driver/Inc/Legacy -I../Drivers/CMSIS/Device/ST/STM32L4xx/Include -I../Drivers/CMSIS/Include -I../Middlewares/Third_Party/FreeRTOS/Source/include -I../Middlewares/Third_Party/FreeRTOS/Source/CMSIS_RTOS_V2 -I../Middlewares/Third_Party/FreeRTOS/Source/portable/GCC/ARM_CM4F -O0 -ffunction-sections -fdata-sections -Wall -fstack-usage -fcyclomatic-complexity -MMD -MP -MF"Core/Src/main.d" -MT"Core/Src/main.o" --specs=nano.specs -mfpu=fpv4-sp-d16 -mfloat-abi=hard -mthumb -o "Core/Src/main.o"
arm-none-eabi-gcc -o "cv04.elf" @"objects.list"   -mcpu=cortex-m4 -T"C:\Users\mates\STM32CubeIDE\workspace_1.16.1\SRC\cv04\STM32L4R5ZITX_FLASH.ld" --specs=nosys.specs -Wl,-Map="cv04.map" -Wl,--gc-sections -static --specs=nano.specs -mfpu=fpv4-sp-d16 -mfloat-abi=hard -mthumb -Wl,--start-group -lc -lm -Wl,--end-group
Finished building target: cv04.elf
 
arm-none-eabi-size  cv04.elf 
arm-none-eabi-objdump -h -S cv04.elf  > "cv04.list"
   text	   data	    bss	    dec	    hex	filename
  42384	     96	  10368	  52848	   ce70	cv04.elf
Finished building: default.size.stdout
 
Finished building: cv04.list
 

15:55:20 Build Finished. 0 errors, 0 warnings. (took 2s.864ms)

