11:34:42 **** Incremental Build of configuration Debug for project zkouska ****
make -j12 all 
arm-none-eabi-gcc "../Core/Src/main.c" -mcpu=cortex-m4 -std=gnu11 -g3 -DDEBUG -DUSE_HAL_DRIVER -DSTM32L4R5xx -c -I../Core/Inc -I../Drivers/STM32L4xx_HAL_Driver/Inc -I../Drivers/STM32L4xx_HAL_Driver/Inc/Legacy -I../Drivers/CMSIS/Device/ST/STM32L4xx/Include -I../Drivers/CMSIS/Include -I../Middlewares/Third_Party/FreeRTOS/Source/include -I../Middlewares/Third_Party/FreeRTOS/Source/CMSIS_RTOS_V2 -I../Middlewares/Third_Party/FreeRTOS/Source/portable/GCC/ARM_CM4F -O0 -ffunction-sections -fdata-sections -Wall -fstack-usage -fcyclomatic-complexity -MMD -MP -MF"Core/Src/main.d" -MT"Core/Src/main.o" --specs=nano.specs -mfpu=fpv4-sp-d16 -mfloat-abi=hard -mthumb -o "Core/Src/main.o"
arm-none-eabi-gcc -o "zkouska.elf" @"objects.list"   -mcpu=cortex-m4 -T"C:\Users\mates\STM32CubeIDE\workspace_1.16.1\zkouska\STM32L4R5ZITX_FLASH.ld" --specs=nosys.specs -Wl,-Map="zkouska.map" -Wl,--gc-sections -static --specs=nano.specs -mfpu=fpv4-sp-d16 -mfloat-abi=hard -mthumb -Wl,--start-group -lc -lm -Wl,--end-group
Finished building target: zkouska.elf
 
arm-none-eabi-size  zkouska.elf 
arm-none-eabi-objdump -h -S zkouska.elf  > "zkouska.list"
   text	   data	    bss	    dec	    hex	filename
  35336	    100	  10260	  45696	   b280	zkouska.elf
Finished building: default.size.stdout
 
Finished building: zkouska.list
 

11:34:45 Build Finished. 0 errors, 0 warnings. (took 2s.413ms)

