../Core/Src/main.c:87:5:main	8	static
../Core/Src/main.c:144:6:SystemClock_Config	96	static
../Core/Src/main.c:195:13:MX_ADC1_Init	32	static
../Core/Src/main.c:253:13:MX_DAC1_Init	48	static
../Core/Src/main.c:297:13:MX_LPUART1_UART_Init	8	static
../Core/Src/main.c:345:13:MX_USART3_UART_Init	8	static
../Core/Src/main.c:393:13:MX_TIM2_Init	40	static
../Core/Src/main.c:438:13:MX_TIM3_Init	40	static
../Core/Src/main.c:483:13:MX_TIM7_Init	24	static
../Core/Src/main.c:521:13:MX_USB_OTG_FS_PCD_Init	8	static
../Core/Src/main.c:556:13:MX_GPIO_Init	56	static
../Core/Src/main.c:622:6:HAL_TIM_PeriodElapsedCallback	16	static
../Core/Src/main.c:638:6:HAL_GPIO_EXTI_Callback	16	static
../Core/Src/main.c:647:6:HAL_ADC_ConvCpltCallback	16	static
../Core/Src/main.c:656:6:Error_Handler	4	static,ignoring_inline_asm
