Archive member included to satisfy reference by file (symbol)

C:/ST/STM32CubeIDE_1.16.1/STM32CubeIDE/plugins/com.st.stm32cube.ide.mcu.externaltools.gnu-tools-for-stm32.12.3.rel1.win32_1.0.200.202406191623/tools/bin/../lib/gcc/arm-none-eabi/12.3.1/../../../../arm-none-eabi/lib/thumb/v7e-m+fp/hard\libc_nano.a(libc_a-exit.o)
                              C:/ST/STM32CubeIDE_1.16.1/STM32CubeIDE/plugins/com.st.stm32cube.ide.mcu.externaltools.gnu-tools-for-stm32.12.3.rel1.win32_1.0.200.202406191623/tools/bin/../lib/gcc/arm-none-eabi/12.3.1/../../../../arm-none-eabi/lib/thumb/v7e-m+fp/hard/crt0.o (exit)
C:/ST/STM32CubeIDE_1.16.1/STM32CubeIDE/plugins/com.st.stm32cube.ide.mcu.externaltools.gnu-tools-for-stm32.12.3.rel1.win32_1.0.200.202406191623/tools/bin/../lib/gcc/arm-none-eabi/12.3.1/../../../../arm-none-eabi/lib/thumb/v7e-m+fp/hard\libc_nano.a(libc_a-findfp.o)
                              ./Middlewares/Third_Party/FreeRTOS/Source/tasks.o (__sf)
C:/ST/STM32CubeIDE_1.16.1/STM32CubeIDE/plugins/com.st.stm32cube.ide.mcu.externaltools.gnu-tools-for-stm32.12.3.rel1.win32_1.0.200.202406191623/tools/bin/../lib/gcc/arm-none-eabi/12.3.1/../../../../arm-none-eabi/lib/thumb/v7e-m+fp/hard\libc_nano.a(libc_a-fwalk.o)
                              C:/ST/STM32CubeIDE_1.16.1/STM32CubeIDE/plugins/com.st.stm32cube.ide.mcu.externaltools.gnu-tools-for-stm32.12.3.rel1.win32_1.0.200.202406191623/tools/bin/../lib/gcc/arm-none-eabi/12.3.1/../../../../arm-none-eabi/lib/thumb/v7e-m+fp/hard\libc_nano.a(libc_a-findfp.o) (_fwalk_sglue)
C:/ST/STM32CubeIDE_1.16.1/STM32CubeIDE/plugins/com.st.stm32cube.ide.mcu.externaltools.gnu-tools-for-stm32.12.3.rel1.win32_1.0.200.202406191623/tools/bin/../lib/gcc/arm-none-eabi/12.3.1/../../../../arm-none-eabi/lib/thumb/v7e-m+fp/hard\libc_nano.a(libc_a-stdio.o)
                              C:/ST/STM32CubeIDE_1.16.1/STM32CubeIDE/plugins/com.st.stm32cube.ide.mcu.externaltools.gnu-tools-for-stm32.12.3.rel1.win32_1.0.200.202406191623/tools/bin/../lib/gcc/arm-none-eabi/12.3.1/../../../../arm-none-eabi/lib/thumb/v7e-m+fp/hard\libc_nano.a(libc_a-findfp.o) (__sread)
C:/ST/STM32CubeIDE_1.16.1/STM32CubeIDE/plugins/com.st.stm32cube.ide.mcu.externaltools.gnu-tools-for-stm32.12.3.rel1.win32_1.0.200.202406191623/tools/bin/../lib/gcc/arm-none-eabi/12.3.1/../../../../arm-none-eabi/lib/thumb/v7e-m+fp/hard\libc_nano.a(libc_a-memset.o)
                              C:/ST/STM32CubeIDE_1.16.1/STM32CubeIDE/plugins/com.st.stm32cube.ide.mcu.externaltools.gnu-tools-for-stm32.12.3.rel1.win32_1.0.200.202406191623/tools/bin/../lib/gcc/arm-none-eabi/12.3.1/../../../../arm-none-eabi/lib/thumb/v7e-m+fp/hard/crt0.o (memset)
C:/ST/STM32CubeIDE_1.16.1/STM32CubeIDE/plugins/com.st.stm32cube.ide.mcu.externaltools.gnu-tools-for-stm32.12.3.rel1.win32_1.0.200.202406191623/tools/bin/../lib/gcc/arm-none-eabi/12.3.1/../../../../arm-none-eabi/lib/thumb/v7e-m+fp/hard\libc_nano.a(libc_a-closer.o)
                              C:/ST/STM32CubeIDE_1.16.1/STM32CubeIDE/plugins/com.st.stm32cube.ide.mcu.externaltools.gnu-tools-for-stm32.12.3.rel1.win32_1.0.200.202406191623/tools/bin/../lib/gcc/arm-none-eabi/12.3.1/../../../../arm-none-eabi/lib/thumb/v7e-m+fp/hard\libc_nano.a(libc_a-stdio.o) (_close_r)
C:/ST/STM32CubeIDE_1.16.1/STM32CubeIDE/plugins/com.st.stm32cube.ide.mcu.externaltools.gnu-tools-for-stm32.12.3.rel1.win32_1.0.200.202406191623/tools/bin/../lib/gcc/arm-none-eabi/12.3.1/../../../../arm-none-eabi/lib/thumb/v7e-m+fp/hard\libc_nano.a(libc_a-reent.o)
                              ./Middlewares/Third_Party/FreeRTOS/Source/tasks.o (_reclaim_reent)
C:/ST/STM32CubeIDE_1.16.1/STM32CubeIDE/plugins/com.st.stm32cube.ide.mcu.externaltools.gnu-tools-for-stm32.12.3.rel1.win32_1.0.200.202406191623/tools/bin/../lib/gcc/arm-none-eabi/12.3.1/../../../../arm-none-eabi/lib/thumb/v7e-m+fp/hard\libc_nano.a(libc_a-impure.o)
                              ./Middlewares/Third_Party/FreeRTOS/Source/tasks.o (_impure_ptr)
C:/ST/STM32CubeIDE_1.16.1/STM32CubeIDE/plugins/com.st.stm32cube.ide.mcu.externaltools.gnu-tools-for-stm32.12.3.rel1.win32_1.0.200.202406191623/tools/bin/../lib/gcc/arm-none-eabi/12.3.1/../../../../arm-none-eabi/lib/thumb/v7e-m+fp/hard\libc_nano.a(libc_a-lseekr.o)
                              C:/ST/STM32CubeIDE_1.16.1/STM32CubeIDE/plugins/com.st.stm32cube.ide.mcu.externaltools.gnu-tools-for-stm32.12.3.rel1.win32_1.0.200.202406191623/tools/bin/../lib/gcc/arm-none-eabi/12.3.1/../../../../arm-none-eabi/lib/thumb/v7e-m+fp/hard\libc_nano.a(libc_a-stdio.o) (_lseek_r)
C:/ST/STM32CubeIDE_1.16.1/STM32CubeIDE/plugins/com.st.stm32cube.ide.mcu.externaltools.gnu-tools-for-stm32.12.3.rel1.win32_1.0.200.202406191623/tools/bin/../lib/gcc/arm-none-eabi/12.3.1/../../../../arm-none-eabi/lib/thumb/v7e-m+fp/hard\libc_nano.a(libc_a-readr.o)
[...]
Memory Configuration

Name             Origin             Length             Attributes
RAM              0x20000000         0x00030000         xrw
RAM2             0x10000000         0x00010000         xrw
RAM3             0x20040000         0x00060000         xrw
FLASH            0x08000000         0x00200000         xr
*default*        0x00000000         0xffffffff

Linker script and memory map

LOAD C:/ST/STM32CubeIDE_1.16.1/STM32CubeIDE/plugins/com.st.stm32cube.ide.mcu.externaltools.gnu-tools-for-stm32.12.3.rel1.win32_1.0.200.202406191623/tools/bin/../lib/gcc/arm-none-eabi/12.3.1/thumb/v7e-m+fp/hard/crti.o
LOAD C:/ST/STM32CubeIDE_1.16.1/STM32CubeIDE/plugins/com.st.stm32cube.ide.mcu.externaltools.gnu-tools-for-stm32.12.3.rel1.win32_1.0.200.202406191623/tools/bin/../lib/gcc/arm-none-eabi/12.3.1/thumb/v7e-m+fp/hard/crtbegin.o
LOAD C:/ST/STM32CubeIDE_1.16.1/STM32CubeIDE/plugins/com.st.stm32cube.ide.mcu.externaltools.gnu-tools-for-stm32.12.3.rel1.win32_1.0.200.202406191623/tools/bin/../lib/gcc/arm-none-eabi/12.3.1/../../../../arm-none-eabi/lib/thumb/v7e-m+fp/hard/crt0.o
LOAD ./Core/Src/freertos.o
LOAD ./Core/Src/main.o
LOAD ./Core/Src/stm32l4xx_hal_msp.o
LOAD ./Core/Src/stm32l4xx_hal_timebase_tim.o
LOAD ./Core/Src/stm32l4xx_it.o
LOAD ./Core/Src/syscalls.o
LOAD ./Core/Src/sysmem.o
LOAD ./Core/Src/system_stm32l4xx.o
LOAD ./Core/Startup/startup_stm32l4r5zitx.o
LOAD ./Drivers/STM32L4xx_HAL_Driver/Src/stm32l4xx_hal.o
LOAD ./Drivers/STM32L4xx_HAL_Driver/Src/stm32l4xx_hal_adc.o
LOAD ./Drivers/STM32L4xx_HAL_Driver/Src/stm32l4xx_hal_adc_ex.o
LOAD ./Drivers/STM32L4xx_HAL_Driver/Src/stm32l4xx_hal_cortex.o
LOAD ./Drivers/STM32L4xx_HAL_Driver/Src/stm32l4xx_hal_dac.o
LOAD ./Drivers/STM32L4xx_HAL_Driver/Src/stm32l4xx_hal_dac_ex.o
LOAD ./Drivers/STM32L4xx_HAL_Driver/Src/stm32l4xx_hal_dma.o
LOAD ./Drivers/STM32L4xx_HAL_Driver/Src/stm32l4xx_hal_dma_ex.o
LOAD ./Drivers/STM32L4xx_HAL_Driver/Src/stm32l4xx_hal_exti.o
LOAD ./Drivers/STM32L4xx_HAL_Driver/Src/stm32l4xx_hal_flash.o
LOAD ./Drivers/STM32L4xx_HAL_Driver/Src/stm32l4xx_hal_flash_ex.o
LOAD ./Drivers/STM32L4xx_HAL_Driver/Src/stm32l4xx_hal_flash_ramfunc.o
LOAD ./Drivers/STM32L4xx_HAL_Driver/Src/stm32l4xx_hal_gpio.o
LOAD ./Drivers/STM32L4xx_HAL_Driver/Src/stm32l4xx_hal_i2c.o
LOAD ./Drivers/STM32L4xx_HAL_Driver/Src/stm32l4xx_hal_i2c_ex.o
LOAD ./Drivers/STM32L4xx_HAL_Driver/Src/stm32l4xx_hal_pcd.o
LOAD ./Drivers/STM32L4xx_HAL_Driver/Src/stm32l4xx_hal_pcd_ex.o
LOAD ./Drivers/STM32L4xx_HAL_Driver/Src/stm32l4xx_hal_pwr.o
LOAD ./Drivers/STM32L4xx_HAL_Driver/Src/stm32l4xx_hal_pwr_ex.o
LOAD ./Drivers/STM32L4xx_HAL_Driver/Src/stm32l4xx_hal_rcc.o
LOAD ./Drivers/STM32L4xx_HAL_Driver/Src/stm32l4xx_hal_rcc_ex.o
LOAD ./Drivers/STM32L4xx_HAL_Driver/Src/stm32l4xx_hal_tim.o
LOAD ./Drivers/STM32L4xx_HAL_Driver/Src/stm32l4xx_hal_tim_ex.o
LOAD ./Drivers/STM32L4xx_HAL_Driver/Src/stm32l4xx_hal_uart.o
LOAD ./Drivers/STM32L4xx_HAL_Driver/Src/stm32l4xx_hal_uart_ex.o
LOAD ./Drivers/STM32L4xx_HAL_Driver/Src/stm32l4xx_ll_usb.o
LOAD ./Middlewares/Third_Party/FreeRTOS/Source/CMSIS_RTOS_V2/cmsis_os2.o
LOAD ./Middlewares/Third_Party/FreeRTOS/Source/croutine.o
LOAD ./Middlewares/Third_Party/FreeRTOS/Source/event_groups.o
LOAD ./Middlewares/Third_Party/FreeRTOS/Source/list.o
LOAD ./Middlewares/Third_Party/FreeRTOS/Source/queue.o
LOAD ./Middlewares/Third_Party/FreeRTOS/Source/stream_buffer.o
LOAD ./Middlewares/Third_Party/FreeRTOS/Source/tasks.o
LOAD ./Middlewares/Third_Party/FreeRTOS/Source/timers.o
LOAD ./Middlewares/Third_Party/FreeRTOS/Source/portable/GCC/ARM_CM4F/port.o
LOAD ./Middlewares/Third_Party/FreeRTOS/Source/portable/MemMang/heap_4.o
START GROUP
LOAD C:/ST/STM32CubeIDE_1.16.1/STM32CubeIDE/plugins/com.st.stm32cube.ide.mcu.externaltools.gnu-tools-for-stm32.12.3.rel1.win32_1.0.200.202406191623/tools/bin/../lib/gcc/arm-none-eabi/12.3.1/../../../../arm-none-eabi/lib/thumb/v7e-m+fp/hard\libc_nano.a
LOAD C:/ST/STM32CubeIDE_1.16.1/STM32CubeIDE/plugins/com.st.stm32cube.ide.mcu.externaltools.gnu-tools-for-stm32.12.3.rel1.win32_1.0.200.202406191623/tools/bin/../lib/gcc/arm-none-eabi/12.3.1/../../../../arm-none-eabi/lib/thumb/v7e-m+fp/hard\libm.a
END GROUP
START GROUP
LOAD C:/ST/STM32CubeIDE_1.16.1/STM32CubeIDE/plugins/com.st.stm32cube.ide.mcu.externaltools.gnu-tools-for-stm32.12.3.rel1.win32_1.0.200.202406191623/tools/bin/../lib/gcc/arm-none-eabi/12.3.1/thumb/v7e-m+fp/hard\libgcc.a
LOAD C:/ST/STM32CubeIDE_1.16.1/STM32CubeIDE/plugins/com.st.stm32cube.ide.mcu.externaltools.gnu-tools-for-stm32.12.3.rel1.win32_1.0.200.202406191623/tools/bin/../lib/gcc/arm-none-eabi/12.3.1/../../../../arm-none-eabi/lib/thumb/v7e-m+fp/hard\libc_nano.a
END GROUP
START GROUP
LOAD C:/ST/STM32CubeIDE_1.16.1/STM32CubeIDE/plugins/com.st.stm32cube.ide.mcu.externaltools.gnu-tools-for-stm32.12.3.rel1.win32_1.0.200.202406191623/tools/bin/../lib/gcc/arm-none-eabi/12.3.1/thumb/v7e-m+fp/hard\libgcc.a
LOAD C:/ST/STM32CubeIDE_1.16.1/STM32CubeIDE/plugins/com.st.stm32cube.ide.mcu.externaltools.gnu-tools-for-stm32.12.3.rel1.win32_1.0.200.202406191623/tools/bin/../lib/gcc/arm-none-eabi/12.3.1/../../../../arm-none-eabi/lib/thumb/v7e-m+fp/hard\libc_nano.a
LOAD C:/ST/STM32CubeIDE_1.16.1/STM32CubeIDE/plugins/com.st.stm32cube.ide.mcu.externaltools.gnu-tools-for-stm32.12.3.rel1.win32_1.0.200.202406191623/tools/bin/../lib/gcc/arm-none-eabi/12.3.1/../../../../arm-none-eabi/lib/thumb/v7e-m+fp/hard\libnosys.a
END GROUP
START GROUP
LOAD C:/ST/STM32CubeIDE_1.16.1/STM32CubeIDE/plugins/com.st.stm32cube.ide.mcu.externaltools.gnu-tools-for-stm32.12.3.rel1.win32_1.0.200.202406191623/tools/bin/../lib/gcc/arm-none-eabi/12.3.1/thumb/v7e-m+fp/hard\libgcc.a
LOAD C:/ST/STM32CubeIDE_1.16.1/STM32CubeIDE/plugins/com.st.stm32cube.ide.mcu.externaltools.gnu-tools-for-stm32.12.3.rel1.win32_1.0.200.202406191623/tools/bin/../lib/gcc/arm-none-eabi/12.3.1/../../../../arm-none-eabi/lib/thumb/v7e-m+fp/hard\libc_nano.a
LOAD C:/ST/STM32CubeIDE_1.16.1/STM32CubeIDE/plugins/com.st.stm32cube.ide.mcu.externaltools.gnu-tools-for-stm32.12.3.rel1.win32_1.0.200.202406191623/tools/bin/../lib/gcc/arm-none-eabi/12.3.1/../../../../arm-none-eabi/lib/thumb/v7e-m+fp/hard\libnosys.a
END GROUP
LOAD C:/ST/STM32CubeIDE_1.16.1/STM32CubeIDE/plugins/com.st.stm32cube.ide.mcu.externaltools.gnu-tools-for-stm32.12.3.rel1.win32_1.0.200.202406191623/tools/bin/../lib/gcc/arm-none-eabi/12.3.1/thumb/v7e-m+fp/hard/crtend.o
LOAD C:/ST/STM32CubeIDE_1.16.1/STM32CubeIDE/plugins/com.st.stm32cube.ide.mcu.externaltools.gnu-tools-for-stm32.12.3.rel1.win32_1.0.200.202406191623/tools/bin/../lib/gcc/arm-none-eabi/12.3.1/thumb/v7e-m+fp/hard/crtn.o
                0x200a0000                        _estack = (ORIGIN (RAM3) + LENGTH (RAM3))
                0x00000200                        _Min_Heap_Size = 0x200
                0x00000400                        _Min_Stack_Size = 0x400

.isr_vector     0x08000000      0x1bc
                0x08000000                        . = ALIGN (0x4)
 *(.isr_vector)
 .isr_vector    0x08000000      0x1bc ./Core/Startup/startup_stm32l4r5zitx.o
                0x08000000                g_pfnVectors
                0x080001bc                        . = ALIGN (0x4)

.text           0x080001c0     0xb9e0
                0x080001c0                        . = ALIGN (0x4)
 *(.text)
 .text          0x080001c0       0x40 C:/ST/STM32CubeIDE_1.16.1/STM32CubeIDE/plugins/com.st.stm32cube.ide.mcu.externaltools.gnu-tools-for-stm32.12.3.rel1.win32_1.0.200.202406191623/tools/bin/../lib/gcc/arm-none-eabi/12.3.1/thumb/v7e-m+fp/hard/crtbegin.o
 .text          0x08000200      0x378 C:/ST/STM32CubeIDE_1.16.1/STM32CubeIDE/plugins/com.st.stm32cube.ide.mcu.externaltools.gnu-tools-for-stm32.12.3.rel1.win32_1.0.200.202406191623/tools/bin/../lib/gcc/arm-none-eabi/12.3.1/thumb/v7e-m+fp/hard\libgcc.a(_arm_addsubdf3.o)
                0x08000200                __aeabi_drsub
                0x08000208                __aeabi_dsub
                0x08000208                __subdf3
                0x0800020c                __aeabi_dadd
                0x0800020c                __adddf3
                0x08000484                __floatunsidf
                0x08000484                __aeabi_ui2d
                0x080004a4                __floatsidf
                0x080004a4                __aeabi_i2d
                0x080004c8                __aeabi_f2d
                0x080004c8                __extendsfdf2
                0x0800050c                __floatundidf
                0x0800050c                __aeabi_ul2d
                0x0800051c                __floatdidf
                0x0800051c                __aeabi_l2d
 .text          0x08000578      0x424 C:/ST/STM32CubeIDE_1.16.1/STM32CubeIDE/plugins/com.st.stm32cube.ide.mcu.externaltools.gnu-tools-for-stm32.12.3.rel1.win32_1.0.200.202406191623/tools/bin/../lib/gcc/arm-none-eabi/12.3.1/thumb/v7e-m+fp/hard\libgcc.a(_arm_muldivdf3.o)
                0x08000578                __aeabi_dmul
                0x08000578                __muldf3
                0x080007cc                __divdf3
                0x080007cc                __aeabi_ddiv
 .text          0x0800099c      0x110 C:/ST/STM32CubeIDE_1.16.1/STM32CubeIDE/plugins/com.st.stm32cube.ide.mcu.externaltools.gnu-tools-for-stm32.12.3.rel1.win32_1.0.200.202406191623/tools/bin/../lib/gcc/arm-none-eabi/12.3.1/thumb/v7e-m+fp/hard\libgcc.a(_arm_cmpdf2.o)
                0x0800099c                __gtdf2
                0x0800099c                __gedf2
                0x080009a4                __ltdf2
                0x080009a4                __ledf2
                0x080009ac                __nedf2
                0x080009ac                __eqdf2
                0x080009ac                __cmpdf2
                0x08000a28                __aeabi_cdrcmple
                0x08000a38                __aeabi_cdcmpeq
                0x08000a38                __aeabi_cdcmple
                0x08000a48                __aeabi_dcmpeq
                0x08000a5c                __aeabi_dcmplt
                0x08000a70                __aeabi_dcmple
                0x08000a84                __aeabi_dcmpge
                0x08000a98                __aeabi_dcmpgt
 .text          0x08000aac       0x40 C:/ST/STM32CubeIDE_1.16.1/STM32CubeIDE/plugins/com.st.stm32cube.ide.mcu.externaltools.gnu-tools-for-stm32.12.3.rel1.win32_1.0.200.202406191623/tools/bin/../lib/gcc/arm-none-eabi/12.3.1/thumb/v7e-m+fp/hard\libgcc.a(_arm_fixunsdfsi.o)
                0x08000aac                __aeabi_d2uiz
                0x08000aac                __fixunsdfsi
 .text          0x08000aec       0x30 C:/ST/STM32CubeIDE_1.16.1/STM32CubeIDE/plugins/com.st.stm32cube.ide.mcu.externaltools.gnu-tools-for-stm32.12.3.rel1.win32_1.0.200.202406191623/tools/bin/../lib/gcc/arm-none-eabi/12.3.1/thumb/v7e-m+fp/hard\libgcc.a(_aeabi_uldivmod.o)
                0x08000aec                __aeabi_uldivmod
 .text          0x08000b1c      0x2bc C:/ST/STM32CubeIDE_1.16.1/STM32CubeIDE/plugins/com.st.stm32cube.ide.mcu.externaltools.gnu-tools-for-stm32.12.3.rel1.win32_1.0.200.202406191623/tools/bin/../lib/gcc/arm-none-eabi/12.3.1/thumb/v7e-m+fp/hard\libgcc.a(_udivmoddi4.o)
                0x08000b1c                __udivmoddi4
 .text          0x08000dd8        0x4 C:/ST/STM32CubeIDE_1.16.1/STM32CubeIDE/plugins/com.st.stm32cube.ide.mcu.externaltools.gnu-tools-for-stm32.12.3.rel1.win32_1.0.200.202406191623/tools/bin/../lib/gcc/arm-none-eabi/12.3.1/thumb/v7e-m+fp/hard\libgcc.a(_dvmd_tls.o)
                0x08000dd8                __aeabi_idiv0
                0x08000dd8                __aeabi_ldiv0
 *(.text*)
 .text.main     0x08000ddc      0x1c0 ./Core/Src/main.o
                0x08000ddc                main
 .text.SystemClock_Config
                0x08000f9c       0xa6 ./Core/Src/main.o
                0x08000f9c                SystemClock_Config
 *fill*         0x08001042        0x2 
 .text.MX_ADC1_Init
                0x08001044       0xd4 ./Core/Src/main.o
 .text.MX_DAC1_Init
                0x08001118       0x68 ./Core/Src/main.o
 .text.MX_LPUART1_UART_Init
                0x08001180       0x9c ./Core/Src/main.o
 .text.MX_USART3_UART_Init
                0x0800121c       0x98 ./Core/Src/main.o
 .text.MX_TIM3_Init
                0x080012b4       0x9c ./Core/Src/main.o
 .text.MX_TIM4_Init
                0x08001350       0xa0 ./Core/Src/main.o
 .text.MX_TIM7_Init
                0x080013f0       0x6c ./Core/Src/main.o
 .text.MX_USB_OTG_FS_PCD_Init
                0x0800145c       0x5c ./Core/Src/main.o
 .text.MX_GPIO_Init
                0x080014b8      0x158 ./Core/Src/main.o
 .text.HAL_ADC_ConvCpltCallback
                0x08001610       0x20 ./Core/Src/main.o
                0x08001610                HAL_ADC_ConvCpltCallback
 .text.StartFiltrace
                0x08001630       0xc0 ./Core/Src/main.o
                0x08001630                StartFiltrace
 .text.StartRegulace
                0x080016f0      0x2c0 ./Core/Src/main.o
                0x080016f0                StartRegulace
 .text.StartCommunication
                0x080019b0       0x14 ./Core/Src/main.o
                0x080019b0                StartCommunication
 .text.Callback01
                0x080019c4       0xac ./Core/Src/main.o
                0x080019c4                Callback01
 .text.HAL_TIM_PeriodElapsedCallback
                0x08001a70       0x58 ./Core/Src/main.o
                0x08001a70                HAL_TIM_PeriodElapsedCallback
 .text.Error_Handler
                0x08001ac8        0xc ./Core/Src/main.o
                0x08001ac8                Error_Handler
 .text.HAL_MspInit
                0x08001ad4       0x50 ./Core/Src/stm32l4xx_hal_msp.o
                0x08001ad4                HAL_MspInit
 .text.HAL_ADC_MspInit
                0x08001b24       0xe0 ./Core/Src/stm32l4xx_hal_msp.o
                0x08001b24                HAL_ADC_MspInit
 .text.HAL_DAC_MspInit
                0x08001c04       0x8c ./Core/Src/stm32l4xx_hal_msp.o
                0x08001c04                HAL_DAC_MspInit
 .text.HAL_UART_MspInit
                0x08001c90      0x14c ./Core/Src/stm32l4xx_hal_msp.o
                0x08001c90                HAL_UART_MspInit
 .text.HAL_TIM_Base_MspInit
                0x08001ddc       0xbc ./Core/Src/stm32l4xx_hal_msp.o
                0x08001ddc                HAL_TIM_Base_MspInit
 .text.HAL_PCD_MspInit
                0x08001e98      0x118 ./Core/Src/stm32l4xx_hal_msp.o
                0x08001e98                HAL_PCD_MspInit
 .text.HAL_InitTick
                0x08001fb0       0xf4 ./Core/Src/stm32l4xx_hal_timebase_tim.o
                0x08001fb0                HAL_InitTick
 .text.NMI_Handler
                0x080020a4        0x8 ./Core/Src/stm32l4xx_it.o
                0x080020a4                NMI_Handler
 .text.HardFault_Handler
                0x080020ac        0x8 ./Core/Src/stm32l4xx_it.o
                0x080020ac                HardFault_Handler
 .text.MemManage_Handler
                0x080020b4        0x8 ./Core/Src/stm32l4xx_it.o
                0x080020b4                MemManage_Handler
 .text.BusFault_Handler
                0x080020bc        0x8 ./Core/Src/stm32l4xx_it.o
                0x080020bc                BusFault_Handler
 .text.UsageFault_Handler
                0x080020c4        0x8 ./Core/Src/stm32l4xx_it.o
                0x080020c4                UsageFault_Handler
 .text.DebugMon_Handler
                0x080020cc        0xe ./Core/Src/stm32l4xx_it.o
                0x080020cc                DebugMon_Handler
 *fill*         0x080020da        0x2 
 .text.ADC1_IRQHandler
                0x080020dc       0x14 ./Core/Src/stm32l4xx_it.o
                0x080020dc                ADC1_IRQHandler
 .text.TIM3_IRQHandler
                0x080020f0       0x14 ./Core/Src/stm32l4xx_it.o
                0x080020f0                TIM3_IRQHandler
 .text.TIM4_IRQHandler
                0x08002104       0x14 ./Core/Src/stm32l4xx_it.o
                0x08002104                TIM4_IRQHandler
 .text.EXTI15_10_IRQHandler
                0x08002118       0x10 ./Core/Src/stm32l4xx_it.o
                0x08002118                EXTI15_10_IRQHandler
 .text.TIM6_DAC_IRQHandler
                0x08002128       0x1c ./Core/Src/stm32l4xx_it.o
                0x08002128                TIM6_DAC_IRQHandler
 .text.TIM7_IRQHandler
                0x08002144       0x14 ./Core/Src/stm32l4xx_it.o
                0x08002144                TIM7_IRQHandler
 .text.SystemInit
                0x08002158       0x24 ./Core/Src/system_stm32l4xx.o
                0x08002158                SystemInit
 .text.Reset_Handler
                0x0800217c       0x50 ./Core/Startup/startup_stm32l4r5zitx.o
                0x0800217c                Reset_Handler
 .text.Default_Handler
                0x080021cc        0x2 ./Core/Startup/startup_stm32l4r5zitx.o
                0x080021cc                RTC_Alarm_IRQHandler
                0x080021cc                EXTI2_IRQHandler
                0x080021cc                TIM8_TRG_COM_IRQHandler
                0x080021cc                TIM8_CC_IRQHandler
                0x080021cc                TIM1_CC_IRQHandler
                0x080021cc                TSC_IRQHandler
                0x080021cc                TAMP_STAMP_IRQHandler
                0x080021cc                EXTI3_IRQHandler
                0x080021cc                LPTIM2_IRQHandler
                0x080021cc                DFSDM1_FLT1_IRQHandler
                0x080021cc                GFXMMU_IRQHandler
                0x080021cc                I2C3_ER_IRQHandler
                0x080021cc                DFSDM1_FLT2_IRQHandler
                0x080021cc                EXTI0_IRQHandler
                0x080021cc                I2C2_EV_IRQHandler
                0x080021cc                CAN1_RX0_IRQHandler
                0x080021cc                FPU_IRQHandler
                0x080021cc                TIM1_UP_TIM16_IRQHandler
                0x080021cc                LTDC_ER_IRQHandler
                0x080021cc                SPI1_IRQHandler
                0x080021cc                OCTOSPI1_IRQHandler
                0x080021cc                DCMI_IRQHandler
                0x080021cc                TIM8_UP_IRQHandler
                0x080021cc                OCTOSPI2_IRQHandler
                0x080021cc                DMA2_Channel2_IRQHandler
                0x080021cc                DMA1_Channel4_IRQHandler
                0x080021cc                SAI2_IRQHandler
                0x080021cc                DFSDM1_FLT3_IRQHandler
                0x080021cc                USART3_IRQHandler
                0x080021cc                DMA1_Channel7_IRQHandler
                0x080021cc                CAN1_RX1_IRQHandler
                0x080021cc                UART5_IRQHandler
                0x080021cc                DMA2_Channel1_IRQHandler
                0x080021cc                I2C1_EV_IRQHandler
                0x080021cc                DMAMUX1_OVR_IRQHandler
                0x080021cc                DMA1_Channel6_IRQHandler
                0x080021cc                UART4_IRQHandler
                0x080021cc                DMA2_Channel4_IRQHandler
                0x080021cc                RCC_IRQHandler
                0x080021cc                DMA1_Channel1_IRQHandler
                0x080021cc                Default_Handler
                0x080021cc                DMA2_Channel7_IRQHandler
                0x080021cc                SDMMC1_IRQHandler
                0x080021cc                TIM5_IRQHandler
                0x080021cc                I2C3_EV_IRQHandler
                0x080021cc                EXTI9_5_IRQHandler
                0x080021cc                RTC_WKUP_IRQHandler
                0x080021cc                LTDC_IRQHandler
                0x080021cc                PVD_PVM_IRQHandler
                0x080021cc                SPI2_IRQHandler
                0x080021cc                CAN1_TX_IRQHandler
                0x080021cc                DMA2_Channel5_IRQHandler
                0x080021cc                CRS_IRQHandler
                0x080021cc                DMA1_Channel5_IRQHandler
                0x080021cc                EXTI4_IRQHandler
                0x080021cc                RNG_IRQHandler
                0x080021cc                TIM1_TRG_COM_TIM17_IRQHandler
                0x080021cc                DMA1_Channel3_IRQHandler
                0x080021cc                COMP_IRQHandler
                0x080021cc                WWDG_IRQHandler
                0x080021cc                I2C4_EV_IRQHandler
                0x080021cc                LPUART1_IRQHandler
                0x080021cc                DMA2_Channel6_IRQHandler
                0x080021cc                TIM2_IRQHandler
                0x080021cc                DMA2D_IRQHandler
                0x080021cc                EXTI1_IRQHandler
                0x080021cc                USART2_IRQHandler
                0x080021cc                DFSDM1_FLT0_IRQHandler
                0x080021cc                I2C2_ER_IRQHandler
                0x080021cc                DMA1_Channel2_IRQHandler
                0x080021cc                TIM8_BRK_IRQHandler
                0x080021cc                CAN1_SCE_IRQHandler
                0x080021cc                FLASH_IRQHandler
                0x080021cc                USART1_IRQHandler
                0x080021cc                OTG_FS_IRQHandler
                0x080021cc                SPI3_IRQHandler
                0x080021cc                I2C1_ER_IRQHandler
                0x080021cc                FMC_IRQHandler
                0x080021cc                LPTIM1_IRQHandler
                0x080021cc                I2C4_ER_IRQHandler
                0x080021cc                SAI1_IRQHandler
                0x080021cc                DMA2_Channel3_IRQHandler
                0x080021cc                TIM1_BRK_TIM15_IRQHandler
 .text.HAL_Init
                0x080021ce       0x30 ./Drivers/STM32L4xx_HAL_Driver/Src/stm32l4xx_hal.o
                0x080021ce                HAL_Init
 *fill*         0x080021fe        0x2 
 .text.HAL_IncTick
                0x08002200       0x28 ./Drivers/STM32L4xx_HAL_Driver/Src/stm32l4xx_hal.o
                0x08002200                HAL_IncTick
 .text.HAL_GetTick
                0x08002228       0x18 ./Drivers/STM32L4xx_HAL_Driver/Src/stm32l4xx_hal.o
                0x08002228                HAL_GetTick
 .text.HAL_Delay
                0x08002240       0x48 ./Drivers/STM32L4xx_HAL_Driver/Src/stm32l4xx_hal.o
                0x08002240                HAL_Delay
 .text.LL_ADC_SetCommonClock
                0x08002288       0x26 ./Drivers/STM32L4xx_HAL_Driver/Src/stm32l4xx_hal_adc.o
 .text.LL_ADC_SetCommonPathInternalCh
                0x080022ae       0x26 ./Drivers/STM32L4xx_HAL_Driver/Src/stm32l4xx_hal_adc.o
 .text.LL_ADC_GetCommonPathInternalCh
                0x080022d4       0x1c ./Drivers/STM32L4xx_HAL_Driver/Src/stm32l4xx_hal_adc.o
 .text.LL_ADC_SetOffset
                0x080022f0       0x48 ./Drivers/STM32L4xx_HAL_Driver/Src/stm32l4xx_hal_adc.o
 .text.LL_ADC_GetOffsetChannel
                0x08002338       0x2c ./Drivers/STM32L4xx_HAL_Driver/Src/stm32l4xx_hal_adc.o
 .text.LL_ADC_SetOffsetState
                0x08002364       0x36 ./Drivers/STM32L4xx_HAL_Driver/Src/stm32l4xx_hal_adc.o
 .text.LL_ADC_SetSamplingTimeCommonConfig
                0x0800239a       0x26 ./Drivers/STM32L4xx_HAL_Driver/Src/stm32l4xx_hal_adc.o
 .text.LL_ADC_REG_IsTriggerSourceSWStart
                0x080023c0       0x26 ./Drivers/STM32L4xx_HAL_Driver/Src/stm32l4xx_hal_adc.o
 .text.LL_ADC_REG_SetSequencerRanks
                0x080023e6       0x58 ./Drivers/STM32L4xx_HAL_Driver/Src/stm32l4xx_hal_adc.o
 .text.LL_ADC_INJ_IsTriggerSourceSWStart
                0x0800243e       0x26 ./Drivers/STM32L4xx_HAL_Driver/Src/stm32l4xx_hal_adc.o
 .text.LL_ADC_SetChannelSamplingTime
                0x08002464       0x56 ./Drivers/STM32L4xx_HAL_Driver/Src/stm32l4xx_hal_adc.o
 *fill*         0x080024ba        0x2 
 .text.LL_ADC_SetChannelSingleDiff
                0x080024bc       0x48 ./Drivers/STM32L4xx_HAL_Driver/Src/stm32l4xx_hal_adc.o
 .text.LL_ADC_DisableDeepPowerDown
                0x08002504       0x24 ./Drivers/STM32L4xx_HAL_Driver/Src/stm32l4xx_hal_adc.o
 .text.LL_ADC_IsDeepPowerDownEnabled
                0x08002528       0x28 ./Drivers/STM32L4xx_HAL_Driver/Src/stm32l4xx_hal_adc.o
 .text.LL_ADC_EnableInternalRegulator
                0x08002550       0x28 ./Drivers/STM32L4xx_HAL_Driver/Src/stm32l4xx_hal_adc.o
 .text.LL_ADC_IsInternalRegulatorEnabled
                0x08002578       0x28 ./Drivers/STM32L4xx_HAL_Driver/Src/stm32l4xx_hal_adc.o
 .text.LL_ADC_Enable
                0x080025a0       0x28 ./Drivers/STM32L4xx_HAL_Driver/Src/stm32l4xx_hal_adc.o
 .text.LL_ADC_Disable
                0x080025c8       0x28 ./Drivers/STM32L4xx_HAL_Driver/Src/stm32l4xx_hal_adc.o
 .text.LL_ADC_IsEnabled
                0x080025f0       0x26 ./Drivers/STM32L4xx_HAL_Driver/Src/stm32l4xx_hal_adc.o
 .text.LL_ADC_IsDisableOngoing
                0x08002616       0x26 ./Drivers/STM32L4xx_HAL_Driver/Src/stm32l4xx_hal_adc.o
 .text.LL_ADC_REG_StartConversion
                0x0800263c       0x28 ./Drivers/STM32L4xx_HAL_Driver/Src/stm32l4xx_hal_adc.o
 .text.LL_ADC_REG_IsConversionOngoing
                0x08002664       0x26 ./Drivers/STM32L4xx_HAL_Driver/Src/stm32l4xx_hal_adc.o
 .text.LL_ADC_INJ_IsConversionOngoing
                0x0800268a       0x26 ./Drivers/STM32L4xx_HAL_Driver/Src/stm32l4xx_hal_adc.o
 .text.HAL_ADC_Init
                0x080026b0      0x28c ./Drivers/STM32L4xx_HAL_Driver/Src/stm32l4xx_hal_adc.o
                0x080026b0                HAL_ADC_Init
 .text.HAL_ADC_Start_IT
                0x0800293c      0x168 ./Drivers/STM32L4xx_HAL_Driver/Src/stm32l4xx_hal_adc.o
                0x0800293c                HAL_ADC_Start_IT
 .text.HAL_ADC_GetValue
                0x08002aa4       0x1a ./Drivers/STM32L4xx_HAL_Driver/Src/stm32l4xx_hal_adc.o
                0x08002aa4                HAL_ADC_GetValue
 .text.HAL_ADC_IRQHandler
                0x08002abe      0x368 ./Drivers/STM32L4xx_HAL_Driver/Src/stm32l4xx_hal_adc.o
                0x08002abe                HAL_ADC_IRQHandler
 .text.HAL_ADC_LevelOutOfWindowCallback
                0x08002e26       0x14 ./Drivers/STM32L4xx_HAL_Driver/Src/stm32l4xx_hal_adc.o
                0x08002e26                HAL_ADC_LevelOutOfWindowCallback
 .text.HAL_ADC_ErrorCallback
                0x08002e3a       0x14 ./Drivers/STM32L4xx_HAL_Driver/Src/stm32l4xx_hal_adc.o
                0x08002e3a                HAL_ADC_ErrorCallback
 *fill*         0x08002e4e        0x2 
 .text.HAL_ADC_ConfigChannel
                0x08002e50      0x7f8 ./Drivers/STM32L4xx_HAL_Driver/Src/stm32l4xx_hal_adc.o
                0x08002e50                HAL_ADC_ConfigChannel
 .text.ADC_Enable
                0x08003648      0x10c ./Drivers/STM32L4xx_HAL_Driver/Src/stm32l4xx_hal_adc.o
                0x08003648                ADC_Enable
 .text.ADC_Disable
                0x08003754       0xbe ./Drivers/STM32L4xx_HAL_Driver/Src/stm32l4xx_hal_adc.o
                0x08003754                ADC_Disable
 .text.LL_ADC_StartCalibration
                0x08003812       0x32 ./Drivers/STM32L4xx_HAL_Driver/Src/stm32l4xx_hal_adc_ex.o
 .text.LL_ADC_IsCalibrationOnGoing
                0x08003844       0x28 ./Drivers/STM32L4xx_HAL_Driver/Src/stm32l4xx_hal_adc_ex.o
 .text.HAL_ADCEx_Calibration_Start
                0x0800386c       0xc0 ./Drivers/STM32L4xx_HAL_Driver/Src/stm32l4xx_hal_adc_ex.o
                0x0800386c                HAL_ADCEx_Calibration_Start
 .text.HAL_ADCEx_InjectedConvCpltCallback
                0x0800392c       0x14 ./Drivers/STM32L4xx_HAL_Driver/Src/stm32l4xx_hal_adc_ex.o
                0x0800392c                HAL_ADCEx_InjectedConvCpltCallback
 .text.HAL_ADCEx_InjectedQueueOverflowCallback
                0x08003940       0x14 ./Drivers/STM32L4xx_HAL_Driver/Src/stm32l4xx_hal_adc_ex.o
                0x08003940                HAL_ADCEx_InjectedQueueOverflowCallback
 .text.HAL_ADCEx_LevelOutOfWindow2Callback
                0x08003954       0x14 ./Drivers/STM32L4xx_HAL_Driver/Src/stm32l4xx_hal_adc_ex.o
                0x08003954                HAL_ADCEx_LevelOutOfWindow2Callback
 .text.HAL_ADCEx_LevelOutOfWindow3Callback
                0x08003968       0x14 ./Drivers/STM32L4xx_HAL_Driver/Src/stm32l4xx_hal_adc_ex.o
                0x08003968                HAL_ADCEx_LevelOutOfWindow3Callback
 .text.HAL_ADCEx_EndOfSamplingCallback
                0x0800397c       0x14 ./Drivers/STM32L4xx_HAL_Driver/Src/stm32l4xx_hal_adc_ex.o
                0x0800397c                HAL_ADCEx_EndOfSamplingCallback
 .text.__NVIC_SetPriorityGrouping
                0x08003990       0x48 ./Drivers/STM32L4xx_HAL_Driver/Src/stm32l4xx_hal_cortex.o
 .text.__NVIC_GetPriorityGrouping
                0x080039d8       0x1c ./Drivers/STM32L4xx_HAL_Driver/Src/stm32l4xx_hal_cortex.o
 .text.__NVIC_EnableIRQ
                0x080039f4       0x3c ./Drivers/STM32L4xx_HAL_Driver/Src/stm32l4xx_hal_cortex.o
 .text.__NVIC_SetPriority
                0x08003a30       0x54 ./Drivers/STM32L4xx_HAL_Driver/Src/stm32l4xx_hal_cortex.o
 .text.NVIC_EncodePriority
                0x08003a84       0x66 ./Drivers/STM32L4xx_HAL_Driver/Src/stm32l4xx_hal_cortex.o
 .text.HAL_NVIC_SetPriorityGrouping
                0x08003aea       0x16 ./Drivers/STM32L4xx_HAL_Driver/Src/stm32l4xx_hal_cortex.o
                0x08003aea                HAL_NVIC_SetPriorityGrouping
 .text.HAL_NVIC_SetPriority
                0x08003b00       0x38 ./Drivers/STM32L4xx_HAL_Driver/Src/stm32l4xx_hal_cortex.o
                0x08003b00                HAL_NVIC_SetPriority
 .text.HAL_NVIC_EnableIRQ
                0x08003b38       0x1c ./Drivers/STM32L4xx_HAL_Driver/Src/stm32l4xx_hal_cortex.o
                0x08003b38                HAL_NVIC_EnableIRQ
 .text.HAL_DAC_Init
                0x08003b54       0x44 ./Drivers/STM32L4xx_HAL_Driver/Src/stm32l4xx_hal_dac.o
                0x08003b54                HAL_DAC_Init
 .text.HAL_DAC_Start
                0x08003b98       0xa4 ./Drivers/STM32L4xx_HAL_Driver/Src/stm32l4xx_hal_dac.o
                0x08003b98                HAL_DAC_Start
 .text.HAL_DAC_IRQHandler
                0x08003c3c       0xb4 ./Drivers/STM32L4xx_HAL_Driver/Src/stm32l4xx_hal_dac.o
                0x08003c3c                HAL_DAC_IRQHandler
 .text.HAL_DAC_SetValue
                0x08003cf0       0x4a ./Drivers/STM32L4xx_HAL_Driver/Src/stm32l4xx_hal_dac.o
                0x08003cf0                HAL_DAC_SetValue
 .text.HAL_DAC_DMAUnderrunCallbackCh1
                0x08003d3a       0x14 ./Drivers/STM32L4xx_HAL_Driver/Src/stm32l4xx_hal_dac.o
                0x08003d3a                HAL_DAC_DMAUnderrunCallbackCh1
 *fill*         0x08003d4e        0x2 
 .text.HAL_DAC_ConfigChannel
                0x08003d50      0x298 ./Drivers/STM32L4xx_HAL_Driver/Src/stm32l4xx_hal_dac.o
                0x08003d50                HAL_DAC_ConfigChannel
 .text.HAL_DACEx_DMAUnderrunCallbackCh2
                0x08003fe8       0x14 ./Drivers/STM32L4xx_HAL_Driver/Src/stm32l4xx_hal_dac_ex.o
                0x08003fe8                HAL_DACEx_DMAUnderrunCallbackCh2
 .text.HAL_GPIO_Init
                0x08003ffc      0x324 ./Drivers/STM32L4xx_HAL_Driver/Src/stm32l4xx_hal_gpio.o
                0x08003ffc                HAL_GPIO_Init
 .text.HAL_GPIO_WritePin
                0x08004320       0x30 ./Drivers/STM32L4xx_HAL_Driver/Src/stm32l4xx_hal_gpio.o
                0x08004320                HAL_GPIO_WritePin
 .text.HAL_GPIO_EXTI_IRQHandler
                0x08004350       0x30 ./Drivers/STM32L4xx_HAL_Driver/Src/stm32l4xx_hal_gpio.o
                0x08004350                HAL_GPIO_EXTI_IRQHandler
 .text.HAL_GPIO_EXTI_Callback
                0x08004380       0x16 ./Drivers/STM32L4xx_HAL_Driver/Src/stm32l4xx_hal_gpio.o
                0x08004380                HAL_GPIO_EXTI_Callback
 .text.HAL_PCD_Init
                0x08004396      0x21e ./Drivers/STM32L4xx_HAL_Driver/Src/stm32l4xx_hal_pcd.o
                0x08004396                HAL_PCD_Init
 .text.HAL_PCDEx_ActivateLPM
                0x080045b4       0x48 ./Drivers/STM32L4xx_HAL_Driver/Src/stm32l4xx_hal_pcd_ex.o
                0x080045b4                HAL_PCDEx_ActivateLPM
 .text.HAL_PWREx_GetVoltageRange
                0x080045fc       0x40 ./Drivers/STM32L4xx_HAL_Driver/Src/stm32l4xx_hal_pwr_ex.o
                0x080045fc                HAL_PWREx_GetVoltageRange
 .text.HAL_PWREx_ControlVoltageScaling
                0x0800463c      0x148 ./Drivers/STM32L4xx_HAL_Driver/Src/stm32l4xx_hal_pwr_ex.o
                0x0800463c                HAL_PWREx_ControlVoltageScaling
 .text.HAL_PWREx_EnableVddUSB
                0x08004784       0x20 ./Drivers/STM32L4xx_HAL_Driver/Src/stm32l4xx_hal_pwr_ex.o
                0x08004784                HAL_PWREx_EnableVddUSB
 .text.HAL_PWREx_EnableVddIO2
                0x080047a4       0x20 ./Drivers/STM32L4xx_HAL_Driver/Src/stm32l4xx_hal_pwr_ex.o
                0x080047a4                HAL_PWREx_EnableVddIO2
 .text.HAL_RCC_OscConfig
                0x080047c4      0x834 ./Drivers/STM32L4xx_HAL_Driver/Src/stm32l4xx_hal_rcc.o
                0x080047c4                HAL_RCC_OscConfig
 .text.HAL_RCC_ClockConfig
                0x08004ff8      0x274 ./Drivers/STM32L4xx_HAL_Driver/Src/stm32l4xx_hal_rcc.o
                0x08004ff8                HAL_RCC_ClockConfig
 .text.HAL_RCC_GetSysClockFreq
                0x0800526c      0x118 ./Drivers/STM32L4xx_HAL_Driver/Src/stm32l4xx_hal_rcc.o
                0x0800526c                HAL_RCC_GetSysClockFreq
 .text.HAL_RCC_GetHCLKFreq
                0x08005384       0x18 ./Drivers/STM32L4xx_HAL_Driver/Src/stm32l4xx_hal_rcc.o
                0x08005384                HAL_RCC_GetHCLKFreq
 .text.HAL_RCC_GetPCLK1Freq
                0x0800539c       0x2c ./Drivers/STM32L4xx_HAL_Driver/Src/stm32l4xx_hal_rcc.o
                0x0800539c                HAL_RCC_GetPCLK1Freq
 .text.HAL_RCC_GetPCLK2Freq
                0x080053c8       0x2c ./Drivers/STM32L4xx_HAL_Driver/Src/stm32l4xx_hal_rcc.o
                0x080053c8                HAL_RCC_GetPCLK2Freq
 .text.HAL_RCC_GetClockConfig
                0x080053f4       0x64 ./Drivers/STM32L4xx_HAL_Driver/Src/stm32l4xx_hal_rcc.o
                0x080053f4                HAL_RCC_GetClockConfig
 .text.RCC_SetFlashLatencyFromMSIRange
                0x08005458       0xb4 ./Drivers/STM32L4xx_HAL_Driver/Src/stm32l4xx_hal_rcc.o
 .text.RCC_GetSysClockFreqFromPLLSource
                0x0800550c       0xcc ./Drivers/STM32L4xx_HAL_Driver/Src/stm32l4xx_hal_rcc.o
 .text.HAL_RCCEx_PeriphCLKConfig
                0x080055d8      0x660 ./Drivers/STM32L4xx_HAL_Driver/Src/stm32l4xx_hal_rcc_ex.o
                0x080055d8                HAL_RCCEx_PeriphCLKConfig
 .text.RCCEx_PLLSAI1_Config
                0x08005c38      0x1e8 ./Drivers/STM32L4xx_HAL_Driver/Src/stm32l4xx_hal_rcc_ex.o
 .text.RCCEx_PLLSAI2_Config
                0x08005e20      0x1e8 ./Drivers/STM32L4xx_HAL_Driver/Src/stm32l4xx_hal_rcc_ex.o
 .text.HAL_TIM_Base_Init
                0x08006008       0xae ./Drivers/STM32L4xx_HAL_Driver/Src/stm32l4xx_hal_tim.o
                0x08006008                HAL_TIM_Base_Init
 *fill*         0x080060b6        0x2 
 .text.HAL_TIM_Base_Start_IT
                0x080060b8       0xe0 ./Drivers/STM32L4xx_HAL_Driver/Src/stm32l4xx_hal_tim.o
                0x080060b8                HAL_TIM_Base_Start_IT
 .text.HAL_TIM_IRQHandler
                0x08006198      0x20e ./Drivers/STM32L4xx_HAL_Driver/Src/stm32l4xx_hal_tim.o
                0x08006198                HAL_TIM_IRQHandler
 .text.HAL_TIM_ConfigClockSource
                0x080063a6      0x192 ./Drivers/STM32L4xx_HAL_Driver/Src/stm32l4xx_hal_tim.o
                0x080063a6                HAL_TIM_ConfigClockSource
 .text.HAL_TIM_OC_DelayElapsedCallback
                0x08006538       0x14 ./Drivers/STM32L4xx_HAL_Driver/Src/stm32l4xx_hal_tim.o
                0x08006538                HAL_TIM_OC_DelayElapsedCallback
 .text.HAL_TIM_IC_CaptureCallback
                0x0800654c       0x14 ./Drivers/STM32L4xx_HAL_Driver/Src/stm32l4xx_hal_tim.o
                0x0800654c                HAL_TIM_IC_CaptureCallback
 .text.HAL_TIM_PWM_PulseFinishedCallback
                0x08006560       0x14 ./Drivers/STM32L4xx_HAL_Driver/Src/stm32l4xx_hal_tim.o
                0x08006560                HAL_TIM_PWM_PulseFinishedCallback
 .text.HAL_TIM_TriggerCallback
                0x08006574       0x14 ./Drivers/STM32L4xx_HAL_Driver/Src/stm32l4xx_hal_tim.o
                0x08006574                HAL_TIM_TriggerCallback
 .text.TIM_Base_SetConfig
                0x08006588      0x14c ./Drivers/STM32L4xx_HAL_Driver/Src/stm32l4xx_hal_tim.o
                0x08006588                TIM_Base_SetConfig
 .text.TIM_TI1_ConfigInputStage
                0x080066d4       0x5e ./Drivers/STM32L4xx_HAL_Driver/Src/stm32l4xx_hal_tim.o
 .text.TIM_TI2_ConfigInputStage
                0x08006732       0x60 ./Drivers/STM32L4xx_HAL_Driver/Src/stm32l4xx_hal_tim.o
 .text.TIM_ITRx_SetConfig
                0x08006792       0x36 ./Drivers/STM32L4xx_HAL_Driver/Src/stm32l4xx_hal_tim.o
 .text.TIM_ETR_SetConfig
                0x080067c8       0x40 ./Drivers/STM32L4xx_HAL_Driver/Src/stm32l4xx_hal_tim.o
                0x080067c8                TIM_ETR_SetConfig
 .text.HAL_TIMEx_MasterConfigSynchronization
                0x08006808      0x110 ./Drivers/STM32L4xx_HAL_Driver/Src/stm32l4xx_hal_tim_ex.o
                0x08006808                HAL_TIMEx_MasterConfigSynchronization
 .text.HAL_TIMEx_CommutCallback
                0x08006918       0x14 ./Drivers/STM32L4xx_HAL_Driver/Src/stm32l4xx_hal_tim_ex.o
                0x08006918                HAL_TIMEx_CommutCallback
 .text.HAL_TIMEx_BreakCallback
                0x0800692c       0x14 ./Drivers/STM32L4xx_HAL_Driver/Src/stm32l4xx_hal_tim_ex.o
                0x0800692c                HAL_TIMEx_BreakCallback
 .text.HAL_TIMEx_Break2Callback
                0x08006940       0x14 ./Drivers/STM32L4xx_HAL_Driver/Src/stm32l4xx_hal_tim_ex.o
                0x08006940                HAL_TIMEx_Break2Callback
 .text.HAL_UART_Init
                0x08006954       0xa0 ./Drivers/STM32L4xx_HAL_Driver/Src/stm32l4xx_hal_uart.o
                0x08006954                HAL_UART_Init
 .text.UART_SetConfig
                0x080069f4      0x5f8 ./Drivers/STM32L4xx_HAL_Driver/Src/stm32l4xx_hal_uart.o
                0x080069f4                UART_SetConfig
 .text.UART_AdvFeatureConfig
                0x08006fec      0x144 ./Drivers/STM32L4xx_HAL_Driver/Src/stm32l4xx_hal_uart.o
                0x08006fec                UART_AdvFeatureConfig
 .text.UART_CheckIdleState
                0x08007130      0x154 ./Drivers/STM32L4xx_HAL_Driver/Src/stm32l4xx_hal_uart.o
                0x08007130                UART_CheckIdleState
 .text.UART_WaitOnFlagUntilTimeout
                0x08007284       0xda ./Drivers/STM32L4xx_HAL_Driver/Src/stm32l4xx_hal_uart.o
                0x08007284                UART_WaitOnFlagUntilTimeout
 .text.UART_EndRxTransfer
                0x0800735e       0xcc ./Drivers/STM32L4xx_HAL_Driver/Src/stm32l4xx_hal_uart.o
 .text.HAL_UARTEx_DisableFifoMode
                0x0800742a       0x72 ./Drivers/STM32L4xx_HAL_Driver/Src/stm32l4xx_hal_uart_ex.o
                0x0800742a                HAL_UARTEx_DisableFifoMode
 .text.HAL_UARTEx_SetTxFifoThreshold
                0x0800749c       0x7c ./Drivers/STM32L4xx_HAL_Driver/Src/stm32l4xx_hal_uart_ex.o
                0x0800749c                HAL_UARTEx_SetTxFifoThreshold
 .text.HAL_UARTEx_SetRxFifoThreshold
                0x08007518       0x7c ./Drivers/STM32L4xx_HAL_Driver/Src/stm32l4xx_hal_uart_ex.o
                0x08007518                HAL_UARTEx_SetRxFifoThreshold
 .text.UARTEx_SetNbDataToProcess
                0x08007594       0x9c ./Drivers/STM32L4xx_HAL_Driver/Src/stm32l4xx_hal_uart_ex.o
 .text.USB_CoreInit
                0x08007630       0x5a ./Drivers/STM32L4xx_HAL_Driver/Src/stm32l4xx_ll_usb.o
                0x08007630                USB_CoreInit
 .text.USB_DisableGlobalInt
                0x0800768a       0x22 ./Drivers/STM32L4xx_HAL_Driver/Src/stm32l4xx_ll_usb.o
                0x0800768a                USB_DisableGlobalInt
 .text.USB_SetCurrentMode
                0x080076ac       0x98 ./Drivers/STM32L4xx_HAL_Driver/Src/stm32l4xx_ll_usb.o
                0x080076ac                USB_SetCurrentMode
 .text.USB_DevInit
                0x08007744      0x290 ./Drivers/STM32L4xx_HAL_Driver/Src/stm32l4xx_ll_usb.o
                0x08007744                USB_DevInit
 .text.USB_FlushTxFifo
                0x080079d4       0x64 ./Drivers/STM32L4xx_HAL_Driver/Src/stm32l4xx_ll_usb.o
                0x080079d4                USB_FlushTxFifo
 .text.USB_FlushRxFifo
                0x08007a38       0x5c ./Drivers/STM32L4xx_HAL_Driver/Src/stm32l4xx_ll_usb.o
                0x08007a38                USB_FlushRxFifo
 .text.USB_SetDevSpeed
                0x08007a94       0x32 ./Drivers/STM32L4xx_HAL_Driver/Src/stm32l4xx_ll_usb.o
                0x08007a94                USB_SetDevSpeed
 .text.USB_DevDisconnect
                0x08007ac6       0x42 ./Drivers/STM32L4xx_HAL_Driver/Src/stm32l4xx_ll_usb.o
                0x08007ac6                USB_DevDisconnect
 .text.USB_GetMode
                0x08007b08       0x1c ./Drivers/STM32L4xx_HAL_Driver/Src/stm32l4xx_ll_usb.o
                0x08007b08                USB_GetMode
 .text.USB_CoreReset
                0x08007b24       0x62 ./Drivers/STM32L4xx_HAL_Driver/Src/stm32l4xx_ll_usb.o
 *fill*         0x08007b86        0x2 
 .text.__NVIC_SetPriority
                0x08007b88       0x54 ./Middlewares/Third_Party/FreeRTOS/Source/CMSIS_RTOS_V2/cmsis_os2.o
 .text.SysTick_Handler
                0x08007bdc       0x20 ./Middlewares/Third_Party/FreeRTOS/Source/CMSIS_RTOS_V2/cmsis_os2.o
                0x08007bdc                SysTick_Handler
 .text.SVC_Setup
                0x08007bfc       0x12 ./Middlewares/Third_Party/FreeRTOS/Source/CMSIS_RTOS_V2/cmsis_os2.o
 *fill*         0x08007c0e        0x2 
 .text.osKernelInitialize
                0x08007c10       0x48 ./Middlewares/Third_Party/FreeRTOS/Source/CMSIS_RTOS_V2/cmsis_os2.o
                0x08007c10                osKernelInitialize
 .text.osKernelStart
                0x08007c58       0x4c ./Middlewares/Third_Party/FreeRTOS/Source/CMSIS_RTOS_V2/cmsis_os2.o
                0x08007c58                osKernelStart
 .text.osThreadNew
                0x08007ca4      0x124 ./Middlewares/Third_Party/FreeRTOS/Source/CMSIS_RTOS_V2/cmsis_os2.o
                0x08007ca4                osThreadNew
 .text.TimerCallback
                0x08007dc8       0x2a ./Middlewares/Third_Party/FreeRTOS/Source/CMSIS_RTOS_V2/cmsis_os2.o
 *fill*         0x08007df2        0x2 
 .text.osTimerNew
                0x08007df4       0xf8 ./Middlewares/Third_Party/FreeRTOS/Source/CMSIS_RTOS_V2/cmsis_os2.o
                0x08007df4                osTimerNew
 .text.osTimerStart
                0x08007eec       0x5c ./Middlewares/Third_Party/FreeRTOS/Source/CMSIS_RTOS_V2/cmsis_os2.o
                0x08007eec                osTimerStart
 .text.osMutexNew
                0x08007f48      0x10c ./Middlewares/Third_Party/FreeRTOS/Source/CMSIS_RTOS_V2/cmsis_os2.o
                0x08007f48                osMutexNew
 .text.osMutexAcquire
                0x08008054       0x96 ./Middlewares/Third_Party/FreeRTOS/Source/CMSIS_RTOS_V2/cmsis_os2.o
                0x08008054                osMutexAcquire
 .text.osMutexRelease
                0x080080ea       0x7a ./Middlewares/Third_Party/FreeRTOS/Source/CMSIS_RTOS_V2/cmsis_os2.o
                0x080080ea                osMutexRelease
 .text.osSemaphoreNew
                0x08008164      0x112 ./Middlewares/Third_Party/FreeRTOS/Source/CMSIS_RTOS_V2/cmsis_os2.o
                0x08008164                osSemaphoreNew
 *fill*         0x08008276        0x2 
 .text.osSemaphoreAcquire
                0x08008278       0xa4 ./Middlewares/Third_Party/FreeRTOS/Source/CMSIS_RTOS_V2/cmsis_os2.o
                0x08008278                osSemaphoreAcquire
 .text.osSemaphoreRelease
                0x0800831c       0x88 ./Middlewares/Third_Party/FreeRTOS/Source/CMSIS_RTOS_V2/cmsis_os2.o
                0x0800831c                osSemaphoreRelease
 .text.osMessageQueueNew
                0x080083a4       0xe6 ./Middlewares/Third_Party/FreeRTOS/Source/CMSIS_RTOS_V2/cmsis_os2.o
                0x080083a4                osMessageQueueNew
 *fill*         0x0800848a        0x2 
 .text.osMessageQueueGet
                0x0800848c       0xbc ./Middlewares/Third_Party/FreeRTOS/Source/CMSIS_RTOS_V2/cmsis_os2.o
                0x0800848c                osMessageQueueGet
 .text.vApplicationGetIdleTaskMemory
                0x08008548       0x34 ./Middlewares/Third_Party/FreeRTOS/Source/CMSIS_RTOS_V2/cmsis_os2.o
                0x08008548                vApplicationGetIdleTaskMemory
 .text.vApplicationGetTimerTaskMemory
                0x0800857c       0x34 ./Middlewares/Third_Party/FreeRTOS/Source/CMSIS_RTOS_V2/cmsis_os2.o
                0x0800857c                vApplicationGetTimerTaskMemory
 .text.vListInitialise
                0x080085b0       0x40 ./Middlewares/Third_Party/FreeRTOS/Source/list.o
                0x080085b0                vListInitialise
 .text.vListInitialiseItem
                0x080085f0       0x1a ./Middlewares/Third_Party/FreeRTOS/Source/list.o
                0x080085f0                vListInitialiseItem
 .text.vListInsertEnd
                0x0800860a       0x48 ./Middlewares/Third_Party/FreeRTOS/Source/list.o
                0x0800860a                vListInsertEnd
 .text.vListInsert
                0x08008652       0x72 ./Middlewares/Third_Party/FreeRTOS/Source/list.o
                0x08008652                vListInsert
 .text.uxListRemove
                0x080086c4       0x54 ./Middlewares/Third_Party/FreeRTOS/Source/list.o
                0x080086c4                uxListRemove
 .text.xQueueGenericReset
                0x08008718       0xd4 ./Middlewares/Third_Party/FreeRTOS/Source/queue.o
                0x08008718                xQueueGenericReset
 .text.xQueueGenericCreateStatic
                0x080087ec       0xfa ./Middlewares/Third_Party/FreeRTOS/Source/queue.o
                0x080087ec                xQueueGenericCreateStatic
 .text.xQueueGenericCreate
                0x080088e6       0x76 ./Middlewares/Third_Party/FreeRTOS/Source/queue.o
                0x080088e6                xQueueGenericCreate
 .text.prvInitialiseNewQueue
                0x0800895c       0x46 ./Middlewares/Third_Party/FreeRTOS/Source/queue.o
 .text.prvInitialiseMutex
                0x080089a2       0x34 ./Middlewares/Third_Party/FreeRTOS/Source/queue.o
 .text.xQueueCreateMutex
                0x080089d6       0x30 ./Middlewares/Third_Party/FreeRTOS/Source/queue.o
                0x080089d6                xQueueCreateMutex
 .text.xQueueCreateMutexStatic
                0x08008a06       0x36 ./Middlewares/Third_Party/FreeRTOS/Source/queue.o
                0x08008a06                xQueueCreateMutexStatic
 .text.xQueueGiveMutexRecursive
                0x08008a3c       0x6a ./Middlewares/Third_Party/FreeRTOS/Source/queue.o
                0x08008a3c                xQueueGiveMutexRecursive
 .text.xQueueTakeMutexRecursive
                0x08008aa6       0x6e ./Middlewares/Third_Party/FreeRTOS/Source/queue.o
                0x08008aa6                xQueueTakeMutexRecursive
 .text.xQueueCreateCountingSemaphoreStatic
                0x08008b14       0x72 ./Middlewares/Third_Party/FreeRTOS/Source/queue.o
                0x08008b14                xQueueCreateCountingSemaphoreStatic
 .text.xQueueCreateCountingSemaphore
                0x08008b86       0x6a ./Middlewares/Third_Party/FreeRTOS/Source/queue.o
                0x08008b86                xQueueCreateCountingSemaphore
 .text.xQueueGenericSend
                0x08008bf0      0x204 ./Middlewares/Third_Party/FreeRTOS/Source/queue.o
                0x08008bf0                xQueueGenericSend
 .text.xQueueGenericSendFromISR
                0x08008df4      0x13c ./Middlewares/Third_Party/FreeRTOS/Source/queue.o
                0x08008df4                xQueueGenericSendFromISR
 .text.xQueueGiveFromISR
                0x08008f30      0x120 ./Middlewares/Third_Party/FreeRTOS/Source/queue.o
                0x08008f30                xQueueGiveFromISR
 .text.xQueueReceive
                0x08009050      0x1c4 ./Middlewares/Third_Party/FreeRTOS/Source/queue.o
                0x08009050                xQueueReceive
 .text.xQueueSemaphoreTake
                0x08009214      0x220 ./Middlewares/Third_Party/FreeRTOS/Source/queue.o
                0x08009214                xQueueSemaphoreTake
 .text.xQueueReceiveFromISR
                0x08009434      0x104 ./Middlewares/Third_Party/FreeRTOS/Source/queue.o
                0x08009434                xQueueReceiveFromISR
 .text.vQueueDelete
                0x08009538       0x48 ./Middlewares/Third_Party/FreeRTOS/Source/queue.o
                0x08009538                vQueueDelete
 .text.prvGetDisinheritPriorityAfterTimeout
                0x08009580       0x30 ./Middlewares/Third_Party/FreeRTOS/Source/queue.o
 .text.prvCopyDataToQueue
                0x080095b0       0xd4 ./Middlewares/Third_Party/FreeRTOS/Source/queue.o
 .text.prvCopyDataFromQueue
                0x08009684       0x4c ./Middlewares/Third_Party/FreeRTOS/Source/queue.o
 .text.prvUnlockQueue
                0x080096d0       0xa4 ./Middlewares/Third_Party/FreeRTOS/Source/queue.o
 .text.prvIsQueueEmpty
                0x08009774       0x2c ./Middlewares/Third_Party/FreeRTOS/Source/queue.o
 .text.prvIsQueueFull
                0x080097a0       0x30 ./Middlewares/Third_Party/FreeRTOS/Source/queue.o
 .text.vQueueAddToRegistry
                0x080097d0       0x54 ./Middlewares/Third_Party/FreeRTOS/Source/queue.o
                0x080097d0                vQueueAddToRegistry
 .text.vQueueUnregisterQueue
                0x08009824       0x54 ./Middlewares/Third_Party/FreeRTOS/Source/queue.o
                0x08009824                vQueueUnregisterQueue
 .text.vQueueWaitForMessageRestricted
                0x08009878       0x68 ./Middlewares/Third_Party/FreeRTOS/Source/queue.o
                0x08009878                vQueueWaitForMessageRestricted
 .text.xTaskCreateStatic
                0x080098e0       0xc0 ./Middlewares/Third_Party/FreeRTOS/Source/tasks.o
                0x080098e0                xTaskCreateStatic
 .text.xTaskCreate
                0x080099a0       0x8a ./Middlewares/Third_Party/FreeRTOS/Source/tasks.o
                0x080099a0                xTaskCreate
 *fill*         0x08009a2a        0x2 
 .text.prvInitialiseNewTask
                0x08009a2c      0x150 ./Middlewares/Third_Party/FreeRTOS/Source/tasks.o
 .text.prvAddNewTaskToReadyList
                0x08009b7c       0xe0 ./Middlewares/Third_Party/FreeRTOS/Source/tasks.o
 .text.vTaskStartScheduler
                0x08009c5c       0xe0 ./Middlewares/Third_Party/FreeRTOS/Source/tasks.o
                0x08009c5c                vTaskStartScheduler
 .text.vTaskSuspendAll
                0x08009d3c       0x1c ./Middlewares/Third_Party/FreeRTOS/Source/tasks.o
                0x08009d3c                vTaskSuspendAll
 .text.xTaskResumeAll
                0x08009d58      0x13c ./Middlewares/Third_Party/FreeRTOS/Source/tasks.o
                0x08009d58                xTaskResumeAll
 .text.xTaskGetTickCount
                0x08009e94       0x20 ./Middlewares/Third_Party/FreeRTOS/Source/tasks.o
                0x08009e94                xTaskGetTickCount
 .text.xTaskIncrementTick
                0x08009eb4      0x174 ./Middlewares/Third_Party/FreeRTOS/Source/tasks.o
                0x08009eb4                xTaskIncrementTick
 .text.vTaskSwitchContext
                0x0800a028       0xcc ./Middlewares/Third_Party/FreeRTOS/Source/tasks.o
                0x0800a028                vTaskSwitchContext
 .text.vTaskPlaceOnEventList
                0x0800a0f4       0x4c ./Middlewares/Third_Party/FreeRTOS/Source/tasks.o
                0x0800a0f4                vTaskPlaceOnEventList
 .text.vTaskPlaceOnEventListRestricted
                0x0800a140       0x58 ./Middlewares/Third_Party/FreeRTOS/Source/tasks.o
                0x0800a140                vTaskPlaceOnEventListRestricted
 .text.xTaskRemoveFromEventList
                0x0800a198       0xc8 ./Middlewares/Third_Party/FreeRTOS/Source/tasks.o
                0x0800a198                xTaskRemoveFromEventList
 .text.vTaskInternalSetTimeOutState
                0x0800a260       0x2c ./Middlewares/Third_Party/FreeRTOS/Source/tasks.o
                0x0800a260                vTaskInternalSetTimeOutState
 .text.xTaskCheckForTimeOut
                0x0800a28c       0xc8 ./Middlewares/Third_Party/FreeRTOS/Source/tasks.o
                0x0800a28c                xTaskCheckForTimeOut
 .text.vTaskMissedYield
                0x0800a354       0x18 ./Middlewares/Third_Party/FreeRTOS/Source/tasks.o
                0x0800a354                vTaskMissedYield
 .text.prvIdleTask
                0x0800a36c       0x30 ./Middlewares/Third_Party/FreeRTOS/Source/tasks.o
 .text.prvInitialiseTaskLists
                0x0800a39c       0x80 ./Middlewares/Third_Party/FreeRTOS/Source/tasks.o
 .text.prvCheckTasksWaitingTermination
                0x0800a41c       0x5c ./Middlewares/Third_Party/FreeRTOS/Source/tasks.o
 .text.prvDeleteTCB
                0x0800a478       0x6a ./Middlewares/Third_Party/FreeRTOS/Source/tasks.o
 *fill*         0x0800a4e2        0x2 
 .text.prvResetNextTaskUnblockTime
                0x0800a4e4       0x40 ./Middlewares/Third_Party/FreeRTOS/Source/tasks.o
 .text.xTaskGetCurrentTaskHandle
                0x0800a524       0x20 ./Middlewares/Third_Party/FreeRTOS/Source/tasks.o
                0x0800a524                xTaskGetCurrentTaskHandle
 .text.xTaskGetSchedulerState
                0x0800a544       0x3c ./Middlewares/Third_Party/FreeRTOS/Source/tasks.o
                0x0800a544                xTaskGetSchedulerState
 .text.xTaskPriorityInherit
                0x0800a580       0xd0 ./Middlewares/Third_Party/FreeRTOS/Source/tasks.o
                0x0800a580                xTaskPriorityInherit
 .text.xTaskPriorityDisinherit
                0x0800a650       0xe0 ./Middlewares/Third_Party/FreeRTOS/Source/tasks.o
                0x0800a650                xTaskPriorityDisinherit
 .text.vTaskPriorityDisinheritAfterTimeout
                0x0800a730      0x108 ./Middlewares/Third_Party/FreeRTOS/Source/tasks.o
                0x0800a730                vTaskPriorityDisinheritAfterTimeout
 .text.pvTaskIncrementMutexHeldCount
                0x0800a838       0x28 ./Middlewares/Third_Party/FreeRTOS/Source/tasks.o
                0x0800a838                pvTaskIncrementMutexHeldCount
 .text.prvAddCurrentTaskToDelayedList
                0x0800a860       0xa8 ./Middlewares/Third_Party/FreeRTOS/Source/tasks.o
 .text.xTimerCreateTimerTask
                0x0800a908       0x94 ./Middlewares/Third_Party/FreeRTOS/Source/timers.o
                0x0800a908                xTimerCreateTimerTask
 .text.xTimerCreate
                0x0800a99c       0x42 ./Middlewares/Third_Party/FreeRTOS/Source/timers.o
                0x0800a99c                xTimerCreate
 .text.xTimerCreateStatic
                0x0800a9de       0x80 ./Middlewares/Third_Party/FreeRTOS/Source/timers.o
                0x0800a9de                xTimerCreateStatic
 .text.prvInitialiseNewTimer
                0x0800aa5e       0x78 ./Middlewares/Third_Party/FreeRTOS/Source/timers.o
 *fill*         0x0800aad6        0x2 
 .text.xTimerGenericCommand
                0x0800aad8       0x9c ./Middlewares/Third_Party/FreeRTOS/Source/timers.o
                0x0800aad8                xTimerGenericCommand
 .text.prvProcessExpiredTimer
                0x0800ab74       0x9c ./Middlewares/Third_Party/FreeRTOS/Source/timers.o
 .text.prvTimerTask
                0x0800ac10       0x26 ./Middlewares/Third_Party/FreeRTOS/Source/timers.o
 *fill*         0x0800ac36        0x2 
 .text.prvProcessTimerOrBlockTask
                0x0800ac38       0x9c ./Middlewares/Third_Party/FreeRTOS/Source/timers.o
 .text.prvGetNextExpireTime
                0x0800acd4       0x48 ./Middlewares/Third_Party/FreeRTOS/Source/timers.o
 .text.prvSampleTimeNow
                0x0800ad1c       0x40 ./Middlewares/Third_Party/FreeRTOS/Source/timers.o
 .text.prvInsertTimerInActiveList
                0x0800ad5c       0x84 ./Middlewares/Third_Party/FreeRTOS/Source/timers.o
 .text.prvProcessReceivedCommands
                0x0800ade0      0x1cc ./Middlewares/Third_Party/FreeRTOS/Source/timers.o
 .text.prvSwitchTimerLists
                0x0800afac       0xcc ./Middlewares/Third_Party/FreeRTOS/Source/timers.o
 .text.prvCheckForValidListAndQueue
                0x0800b078       0x80 ./Middlewares/Third_Party/FreeRTOS/Source/timers.o
 .text.pvTimerGetTimerID
                0x0800b0f8       0x42 ./Middlewares/Third_Party/FreeRTOS/Source/timers.o
                0x0800b0f8                pvTimerGetTimerID
 *fill*         0x0800b13a        0x2 
 .text.pxPortInitialiseStack
                0x0800b13c       0x68 ./Middlewares/Third_Party/FreeRTOS/Source/portable/GCC/ARM_CM4F/port.o
                0x0800b13c                pxPortInitialiseStack
 .text.prvTaskExitError
                0x0800b1a4       0x5c ./Middlewares/Third_Party/FreeRTOS/Source/portable/GCC/ARM_CM4F/port.o
 .text.SVC_Handler
                0x0800b200       0x28 ./Middlewares/Third_Party/FreeRTOS/Source/portable/GCC/ARM_CM4F/port.o
                0x0800b200                SVC_Handler
 .text.prvPortStartFirstTask
                0x0800b228       0x28 ./Middlewares/Third_Party/FreeRTOS/Source/portable/GCC/ARM_CM4F/port.o
 .text.xPortStartScheduler
                0x0800b250      0x148 ./Middlewares/Third_Party/FreeRTOS/Source/portable/GCC/ARM_CM4F/port.o
                0x0800b250                xPortStartScheduler
 .text.vPortEnterCritical
                0x0800b398       0x64 ./Middlewares/Third_Party/FreeRTOS/Source/portable/GCC/ARM_CM4F/port.o
                0x0800b398                vPortEnterCritical
 .text.vPortExitCritical
                0x0800b3fc       0x54 ./Middlewares/Third_Party/FreeRTOS/Source/portable/GCC/ARM_CM4F/port.o
                0x0800b3fc                vPortExitCritical
 .text.PendSV_Handler
                0x0800b450       0x68 ./Middlewares/Third_Party/FreeRTOS/Source/portable/GCC/ARM_CM4F/port.o
                0x0800b450                PendSV_Handler
 .text.xPortSysTickHandler
                0x0800b4b8       0x44 ./Middlewares/Third_Party/FreeRTOS/Source/portable/GCC/ARM_CM4F/port.o
                0x0800b4b8                xPortSysTickHandler
 .text.vPortSetupTimerInterrupt
                0x0800b4fc       0x48 ./Middlewares/Third_Party/FreeRTOS/Source/portable/GCC/ARM_CM4F/port.o
                0x0800b4fc                vPortSetupTimerInterrupt
 .text.vPortEnableVFP
                0x0800b544       0x14 ./Middlewares/Third_Party/FreeRTOS/Source/portable/GCC/ARM_CM4F/port.o
 .text.vPortValidateInterruptPriority
                0x0800b558       0x84 ./Middlewares/Third_Party/FreeRTOS/Source/portable/GCC/ARM_CM4F/port.o
                0x0800b558                vPortValidateInterruptPriority
 .text.pvPortMalloc
                0x0800b5dc      0x19c ./Middlewares/Third_Party/FreeRTOS/Source/portable/MemMang/heap_4.o
                0x0800b5dc                pvPortMalloc
 .text.vPortFree
                0x0800b778       0xc8 ./Middlewares/Third_Party/FreeRTOS/Source/portable/MemMang/heap_4.o
                0x0800b778                vPortFree
 .text.prvHeapInit
                0x0800b840       0xc4 ./Middlewares/Third_Party/FreeRTOS/Source/portable/MemMang/heap_4.o
 .text.prvInsertBlockIntoFreeList
                0x0800b904       0xb4 ./Middlewares/Third_Party/FreeRTOS/Source/portable/MemMang/heap_4.o
 .text.memset   0x0800b9b8       0x10 C:/ST/STM32CubeIDE_1.16.1/STM32CubeIDE/plugins/com.st.stm32cube.ide.mcu.externaltools.gnu-tools-for-stm32.12.3.rel1.win32_1.0.200.202406191623/tools/bin/../lib/gcc/arm-none-eabi/12.3.1/../../../../arm-none-eabi/lib/thumb/v7e-m+fp/hard\libc_nano.a(libc_a-memset.o)
                0x0800b9b8                memset
 .text._reclaim_reent
                0x0800b9c8       0xac C:/ST/STM32CubeIDE_1.16.1/STM32CubeIDE/plugins/com.st.stm32cube.ide.mcu.externaltools.gnu-tools-for-stm32.12.3.rel1.win32_1.0.200.202406191623/tools/bin/../lib/gcc/arm-none-eabi/12.3.1/../../../../arm-none-eabi/lib/thumb/v7e-m+fp/hard\libc_nano.a(libc_a-reent.o)
                0x0800b9c8                _reclaim_reent
 .text.__libc_init_array
                0x0800ba74       0x48 C:/ST/STM32CubeIDE_1.16.1/STM32CubeIDE/plugins/com.st.stm32cube.ide.mcu.externaltools.gnu-tools-for-stm32.12.3.rel1.win32_1.0.200.202406191623/tools/bin/../lib/gcc/arm-none-eabi/12.3.1/../../../../arm-none-eabi/lib/thumb/v7e-m+fp/hard\libc_nano.a(libc_a-init.o)
                0x0800ba74                __libc_init_array
 .text.__retarget_lock_acquire_recursive
                0x0800babc        0x2 C:/ST/STM32CubeIDE_1.16.1/STM32CubeIDE/plugins/com.st.stm32cube.ide.mcu.externaltools.gnu-tools-for-stm32.12.3.rel1.win32_1.0.200.202406191623/tools/bin/../lib/gcc/arm-none-eabi/12.3.1/../../../../arm-none-eabi/lib/thumb/v7e-m+fp/hard\libc_nano.a(libc_a-lock.o)
                0x0800babc                __retarget_lock_acquire_recursive
 .text.__retarget_lock_release_recursive
                0x0800babe        0x2 C:/ST/STM32CubeIDE_1.16.1/STM32CubeIDE/plugins/com.st.stm32cube.ide.mcu.externaltools.gnu-tools-for-stm32.12.3.rel1.win32_1.0.200.202406191623/tools/bin/../lib/gcc/arm-none-eabi/12.3.1/../../../../arm-none-eabi/lib/thumb/v7e-m+fp/hard\libc_nano.a(libc_a-lock.o)
                0x0800babe                __retarget_lock_release_recursive
 .text.memcpy   0x0800bac0       0x1c C:/ST/STM32CubeIDE_1.16.1/STM32CubeIDE/plugins/com.st.stm32cube.ide.mcu.externaltools.gnu-tools-for-stm32.12.3.rel1.win32_1.0.200.202406191623/tools/bin/../lib/gcc/arm-none-eabi/12.3.1/../../../../arm-none-eabi/lib/thumb/v7e-m+fp/hard\libc_nano.a(libc_a-memcpy-stub.o)
                0x0800bac0                memcpy
 .text._free_r  0x0800badc       0x94 C:/ST/STM32CubeIDE_1.16.1/STM32CubeIDE/plugins/com.st.stm32cube.ide.mcu.externaltools.gnu-tools-for-stm32.12.3.rel1.win32_1.0.200.202406191623/tools/bin/../lib/gcc/arm-none-eabi/12.3.1/../../../../arm-none-eabi/lib/thumb/v7e-m+fp/hard\libc_nano.a(libc_a-freer.o)
                0x0800badc                _free_r
 .text.__malloc_lock
                0x0800bb70        0xc C:/ST/STM32CubeIDE_1.16.1/STM32CubeIDE/plugins/com.st.stm32cube.ide.mcu.externaltools.gnu-tools-for-stm32.12.3.rel1.win32_1.0.200.202406191623/tools/bin/../lib/gcc/arm-none-eabi/12.3.1/../../../../arm-none-eabi/lib/thumb/v7e-m+fp/hard\libc_nano.a(libc_a-mlock.o)
                0x0800bb70                __malloc_lock
 .text.__malloc_unlock
                0x0800bb7c        0xc C:/ST/STM32CubeIDE_1.16.1/STM32CubeIDE/plugins/com.st.stm32cube.ide.mcu.externaltools.gnu-tools-for-stm32.12.3.rel1.win32_1.0.200.202406191623/tools/bin/../lib/gcc/arm-none-eabi/12.3.1/../../../../arm-none-eabi/lib/thumb/v7e-m+fp/hard\libc_nano.a(libc_a-mlock.o)
                0x0800bb7c                __malloc_unlock
 *(.glue_7)
 .glue_7        0x0800bb88        0x0 linker stubs
 *(.glue_7t)
 .glue_7t       0x0800bb88        0x0 linker stubs
 *(.eh_frame)
 .eh_frame      0x0800bb88        0x0 C:/ST/STM32CubeIDE_1.16.1/STM32CubeIDE/plugins/com.st.stm32cube.ide.mcu.externaltools.gnu-tools-for-stm32.12.3.rel1.win32_1.0.200.202406191623/tools/bin/../lib/gcc/arm-none-eabi/12.3.1/thumb/v7e-m+fp/hard/crtbegin.o
 *(.init)
 .init          0x0800bb88        0x4 C:/ST/STM32CubeIDE_1.16.1/STM32CubeIDE/plugins/com.st.stm32cube.ide.mcu.externaltools.gnu-tools-for-stm32.12.3.rel1.win32_1.0.200.202406191623/tools/bin/../lib/gcc/arm-none-eabi/12.3.1/thumb/v7e-m+fp/hard/crti.o
                0x0800bb88                _init
 .init          0x0800bb8c        0x8 C:/ST/STM32CubeIDE_1.16.1/STM32CubeIDE/plugins/com.st.stm32cube.ide.mcu.externaltools.gnu-tools-for-stm32.12.3.rel1.win32_1.0.200.202406191623/tools/bin/../lib/gcc/arm-none-eabi/12.3.1/thumb/v7e-m+fp/hard/crtn.o
 *(.fini)
 .fini          0x0800bb94        0x4 C:/ST/STM32CubeIDE_1.16.1/STM32CubeIDE/plugins/com.st.stm32cube.ide.mcu.externaltools.gnu-tools-for-stm32.12.3.rel1.win32_1.0.200.202406191623/tools/bin/../lib/gcc/arm-none-eabi/12.3.1/thumb/v7e-m+fp/hard/crti.o
                0x0800bb94                _fini
 .fini          0x0800bb98        0x8 C:/ST/STM32CubeIDE_1.16.1/STM32CubeIDE/plugins/com.st.stm32cube.ide.mcu.externaltools.gnu-tools-for-stm32.12.3.rel1.win32_1.0.200.202406191623/tools/bin/../lib/gcc/arm-none-eabi/12.3.1/thumb/v7e-m+fp/hard/crtn.o
                0x0800bba0                        . = ALIGN (0x4)
                0x0800bba0                        _etext = .

.vfp11_veneer   0x0800bba0        0x0
 .vfp11_veneer  0x0800bba0        0x0 linker stubs

.v4_bx          0x0800bba0        0x0
 .v4_bx         0x0800bba0        0x0 linker stubs

.iplt           0x0800bba0        0x0
 .iplt          0x0800bba0        0x0 C:/ST/STM32CubeIDE_1.16.1/STM32CubeIDE/plugins/com.st.stm32cube.ide.mcu.externaltools.gnu-tools-for-stm32.12.3.rel1.win32_1.0.200.202406191623/tools/bin/../lib/gcc/arm-none-eabi/12.3.1/thumb/v7e-m+fp/hard/crtbegin.o

.rodata         0x0800bba0      0x1e4
                0x0800bba0                        . = ALIGN (0x4)
 *(.rodata)
 .rodata        0x0800bba0       0x87 ./Core/Src/main.o
 *fill*         0x0800bc27        0x1 
 .rodata        0x0800bc28        0x5 ./Middlewares/Third_Party/FreeRTOS/Source/tasks.o
 *fill*         0x0800bc2d        0x3 
 .rodata        0x0800bc30        0xd ./Middlewares/Third_Party/FreeRTOS/Source/timers.o
 *(.rodata*)
 *fill*         0x0800bc3d        0x3 
 .rodata.Filtrace_attributes
                0x0800bc40       0x24 ./Core/Src/main.o
                0x0800bc40                Filtrace_attributes
 .rodata.Regulace_attributes
                0x0800bc64       0x24 ./Core/Src/main.o
                0x0800bc64                Regulace_attributes
 .rodata.Communication_attributes
                0x0800bc88       0x24 ./Core/Src/main.o
                0x0800bc88                Communication_attributes
 .rodata.Fronta_attributes
                0x0800bcac       0x18 ./Core/Src/main.o
                0x0800bcac                Fronta_attributes
 .rodata.myTimer01_attributes
                0x0800bcc4       0x10 ./Core/Src/main.o
                0x0800bcc4                myTimer01_attributes
 .rodata.CommunicationMutex_attributes
                0x0800bcd4       0x10 ./Core/Src/main.o
                0x0800bcd4                CommunicationMutex_attributes
 .rodata.Semaphore1_attributes
                0x0800bce4       0x10 ./Core/Src/main.o
                0x0800bce4                Semaphore1_attributes
 .rodata.RegulationSemaphore_attributes
                0x0800bcf4       0x10 ./Core/Src/main.o
                0x0800bcf4                RegulationSemaphore_attributes
 .rodata.CommunicationSemaphore_attributes
                0x0800bd04       0x10 ./Core/Src/main.o
                0x0800bd04                CommunicationSemaphore_attributes
 .rodata.AHBPrescTable
                0x0800bd14       0x10 ./Core/Src/system_stm32l4xx.o
                0x0800bd14                AHBPrescTable
 .rodata.APBPrescTable
                0x0800bd24        0x8 ./Core/Src/system_stm32l4xx.o
                0x0800bd24                APBPrescTable
 .rodata.MSIRangeTable
                0x0800bd2c       0x30 ./Core/Src/system_stm32l4xx.o
                0x0800bd2c                MSIRangeTable
 .rodata.UARTPrescTable
                0x0800bd5c       0x18 ./Drivers/STM32L4xx_HAL_Driver/Src/stm32l4xx_hal_uart.o
                0x0800bd5c                UARTPrescTable
 .rodata.numerator.1
                0x0800bd74        0x8 ./Drivers/STM32L4xx_HAL_Driver/Src/stm32l4xx_hal_uart_ex.o
 .rodata.denominator.0
                0x0800bd7c        0x8 ./Drivers/STM32L4xx_HAL_Driver/Src/stm32l4xx_hal_uart_ex.o
                0x0800bd84                        . = ALIGN (0x4)

.ARM.extab      0x0800bd84        0x0
                0x0800bd84                        . = ALIGN (0x4)
 *(.ARM.extab* .gnu.linkonce.armextab.*)
                0x0800bd84                        . = ALIGN (0x4)

.ARM            0x0800bd84        0x8
                0x0800bd84                        . = ALIGN (0x4)
                0x0800bd84                        __exidx_start = .
 *(.ARM.exidx*)
 .ARM.exidx     0x0800bd84        0x8 C:/ST/STM32CubeIDE_1.16.1/STM32CubeIDE/plugins/com.st.stm32cube.ide.mcu.externaltools.gnu-tools-for-stm32.12.3.rel1.win32_1.0.200.202406191623/tools/bin/../lib/gcc/arm-none-eabi/12.3.1/thumb/v7e-m+fp/hard\libgcc.a(_udivmoddi4.o)
                0x0800bd8c                        __exidx_end = .
                0x0800bd8c                        . = ALIGN (0x4)

.preinit_array  0x0800bd8c        0x0
                0x0800bd8c                        . = ALIGN (0x4)
                0x0800bd8c                        PROVIDE (__preinit_array_start = .)
 *(.preinit_array*)
                0x0800bd8c                        PROVIDE (__preinit_array_end = .)
                0x0800bd8c                        . = ALIGN (0x4)

.init_array     0x0800bd8c        0x4
                0x0800bd8c                        . = ALIGN (0x4)
                0x0800bd8c                        PROVIDE (__init_array_start = .)
 *(SORT_BY_NAME(.init_array.*))
 *(.init_array*)
 .init_array    0x0800bd8c        0x4 C:/ST/STM32CubeIDE_1.16.1/STM32CubeIDE/plugins/com.st.stm32cube.ide.mcu.externaltools.gnu-tools-for-stm32.12.3.rel1.win32_1.0.200.202406191623/tools/bin/../lib/gcc/arm-none-eabi/12.3.1/thumb/v7e-m+fp/hard/crtbegin.o
                0x0800bd90                        PROVIDE (__init_array_end = .)
                0x0800bd90                        . = ALIGN (0x4)

.fini_array     0x0800bd90        0x4
                0x0800bd90                        . = ALIGN (0x4)
                [!provide]                        PROVIDE (__fini_array_start = .)
 *(SORT_BY_NAME(.fini_array.*))
 *(.fini_array*)
 .fini_array    0x0800bd90        0x4 C:/ST/STM32CubeIDE_1.16.1/STM32CubeIDE/plugins/com.st.stm32cube.ide.mcu.externaltools.gnu-tools-for-stm32.12.3.rel1.win32_1.0.200.202406191623/tools/bin/../lib/gcc/arm-none-eabi/12.3.1/thumb/v7e-m+fp/hard/crtbegin.o
                [!provide]                        PROVIDE (__fini_array_end = .)
                0x0800bd94                        . = ALIGN (0x4)
                0x0800bd94                        _sidata = LOADADDR (.data)

.rel.dyn        0x0800bd94        0x0
 .rel.iplt      0x0800bd94        0x0 C:/ST/STM32CubeIDE_1.16.1/STM32CubeIDE/plugins/com.st.stm32cube.ide.mcu.externaltools.gnu-tools-for-stm32.12.3.rel1.win32_1.0.200.202406191623/tools/bin/../lib/gcc/arm-none-eabi/12.3.1/thumb/v7e-m+fp/hard/crtbegin.o

.data           0x20040000       0x78 load address 0x0800bd94
                0x20040000                        . = ALIGN (0x4)
                0x20040000                        _sdata = .
 *(.data)
 *(.data*)
 .data.GlobalIntergralTimeConstant
                0x20040000        0x8 ./Core/Src/main.o
                0x20040000                GlobalIntergralTimeConstant
 .data.GlobalPropGain
                0x20040008        0x8 ./Core/Src/main.o
                0x20040008                GlobalPropGain
 .data.PropGain
                0x20040010        0x8 ./Core/Src/main.o
                0x20040010                PropGain
 .data.SystemCoreClock
                0x20040018        0x4 ./Core/Src/system_stm32l4xx.o
                0x20040018                SystemCoreClock
 .data.uwTickPrio
                0x2004001c        0x4 ./Drivers/STM32L4xx_HAL_Driver/Src/stm32l4xx_hal.o
                0x2004001c                uwTickPrio
 .data.uwTickFreq
                0x20040020        0x1 ./Drivers/STM32L4xx_HAL_Driver/Src/stm32l4xx_hal.o
                0x20040020                uwTickFreq
 *fill*         0x20040021        0x3 
 .data.uxCriticalNesting
                0x20040024        0x4 ./Middlewares/Third_Party/FreeRTOS/Source/portable/GCC/ARM_CM4F/port.o
 .data._impure_ptr
                0x20040028        0x4 C:/ST/STM32CubeIDE_1.16.1/STM32CubeIDE/plugins/com.st.stm32cube.ide.mcu.externaltools.gnu-tools-for-stm32.12.3.rel1.win32_1.0.200.202406191623/tools/bin/../lib/gcc/arm-none-eabi/12.3.1/../../../../arm-none-eabi/lib/thumb/v7e-m+fp/hard\libc_nano.a(libc_a-impure.o)
                0x20040028                _impure_ptr
 .data._impure_data
                0x2004002c       0x4c C:/ST/STM32CubeIDE_1.16.1/STM32CubeIDE/plugins/com.st.stm32cube.ide.mcu.externaltools.gnu-tools-for-stm32.12.3.rel1.win32_1.0.200.202406191623/tools/bin/../lib/gcc/arm-none-eabi/12.3.1/../../../../arm-none-eabi/lib/thumb/v7e-m+fp/hard\libc_nano.a(libc_a-impure.o)
                0x2004002c                _impure_data
 *(.RamFunc)
 *(.RamFunc*)
                0x20040078                        . = ALIGN (0x4)
                0x20040078                        _edata = .

.igot.plt       0x20040078        0x0 load address 0x0800be0c
 .igot.plt      0x20040078        0x0 C:/ST/STM32CubeIDE_1.16.1/STM32CubeIDE/plugins/com.st.stm32cube.ide.mcu.externaltools.gnu-tools-for-stm32.12.3.rel1.win32_1.0.200.202406191623/tools/bin/../lib/gcc/arm-none-eabi/12.3.1/thumb/v7e-m+fp/hard/crtbegin.o
                0x20040078                        . = ALIGN (0x4)

.bss            0x20040078     0x2378 load address 0x0800be0c
                0x20040078                        _sbss = .
                0x20040078                        __bss_start__ = _sbss
 *(.bss)
 .bss           0x20040078       0x1c C:/ST/STM32CubeIDE_1.16.1/STM32CubeIDE/plugins/com.st.stm32cube.ide.mcu.externaltools.gnu-tools-for-stm32.12.3.rel1.win32_1.0.200.202406191623/tools/bin/../lib/gcc/arm-none-eabi/12.3.1/thumb/v7e-m+fp/hard/crtbegin.o
 *(.bss*)
 *fill*         0x20040094        0x4 
 .bss.ControlData
                0x20040098       0x30 ./Core/Src/main.o
                0x20040098                ControlData
 .bss.GlobalControlError
                0x200400c8        0x8 ./Core/Src/main.o
                0x200400c8                GlobalControlError
 .bss.GlobalManipulatedVariable
                0x200400d0        0x8 ./Core/Src/main.o
                0x200400d0                GlobalManipulatedVariable
 .bss.GlobalControlledVariable
                0x200400d8        0x8 ./Core/Src/main.o
                0x200400d8                GlobalControlledVariable
 .bss.GlobalSetpoint
                0x200400e0        0x8 ./Core/Src/main.o
                0x200400e0                GlobalSetpoint
 .bss.FilterOutput
                0x200400e8        0x4 ./Core/Src/main.o
                0x200400e8                FilterOutput
 .bss.ADCInput  0x200400ec        0x4 ./Core/Src/main.o
                0x200400ec                ADCInput
 .bss.DAC_OUTPUT
                0x200400f0        0x8 ./Core/Src/main.o
                0x200400f0                DAC_OUTPUT
 .bss.RPM       0x200400f8        0x8 ./Core/Src/main.o
                0x200400f8                RPM
 .bss.Setpoint  0x20040100        0x8 ./Core/Src/main.o
                0x20040100                Setpoint
 .bss.ControlledVariable
                0x20040108        0x8 ./Core/Src/main.o
                0x20040108                ControlledVariable
 .bss.FiltrData
                0x20040110        0x4 ./Core/Src/main.o
                0x20040110                FiltrData
 *fill*         0x20040114        0x4 
 .bss.ManipulatedVariable
                0x20040118        0x8 ./Core/Src/main.o
                0x20040118                ManipulatedVariable
 .bss.ControlError
                0x20040120        0x8 ./Core/Src/main.o
                0x20040120                ControlError
 .bss.CommunicationExecutionTime
                0x20040128        0x4 ./Core/Src/main.o
                0x20040128                CommunicationExecutionTime
 .bss.ControlExecutionTime
                0x2004012c        0x4 ./Core/Src/main.o
                0x2004012c                ControlExecutionTime
 .bss.hadc1     0x20040130       0x68 ./Core/Src/main.o
                0x20040130                hadc1
 .bss.hdac1     0x20040198       0x14 ./Core/Src/main.o
                0x20040198                hdac1
 .bss.hlpuart1  0x200401ac       0x94 ./Core/Src/main.o
                0x200401ac                hlpuart1
 .bss.huart3    0x20040240       0x94 ./Core/Src/main.o
                0x20040240                huart3
 .bss.htim3     0x200402d4       0x4c ./Core/Src/main.o
                0x200402d4                htim3
 .bss.htim4     0x20040320       0x4c ./Core/Src/main.o
                0x20040320                htim4
 .bss.htim7     0x2004036c       0x4c ./Core/Src/main.o
                0x2004036c                htim7
 .bss.hpcd_USB_OTG_FS
                0x200403b8      0x4e4 ./Core/Src/main.o
                0x200403b8                hpcd_USB_OTG_FS
 .bss.FiltraceHandle
                0x2004089c        0x4 ./Core/Src/main.o
                0x2004089c                FiltraceHandle
 .bss.RegulaceHandle
                0x200408a0        0x4 ./Core/Src/main.o
                0x200408a0                RegulaceHandle
 .bss.CommunicationHandle
                0x200408a4        0x4 ./Core/Src/main.o
                0x200408a4                CommunicationHandle
 .bss.FrontaHandle
                0x200408a8        0x4 ./Core/Src/main.o
                0x200408a8                FrontaHandle
 .bss.myTimer01Handle
                0x200408ac        0x4 ./Core/Src/main.o
                0x200408ac                myTimer01Handle
 .bss.CommunicationMutexHandle
                0x200408b0        0x4 ./Core/Src/main.o
                0x200408b0                CommunicationMutexHandle
 .bss.Semaphore1Handle
                0x200408b4        0x4 ./Core/Src/main.o
                0x200408b4                Semaphore1Handle
 .bss.RegulationSemaphoreHandle
                0x200408b8        0x4 ./Core/Src/main.o
                0x200408b8                RegulationSemaphoreHandle
 .bss.CommunicationSemaphoreHandle
                0x200408bc        0x4 ./Core/Src/main.o
                0x200408bc                CommunicationSemaphoreHandle
 .bss.htim6     0x200408c0       0x4c ./Core/Src/stm32l4xx_hal_timebase_tim.o
                0x200408c0                htim6
 .bss.uwTick    0x2004090c        0x4 ./Drivers/STM32L4xx_HAL_Driver/Src/stm32l4xx_hal.o
                0x2004090c                uwTick
 .bss.KernelState
                0x20040910        0x4 ./Middlewares/Third_Party/FreeRTOS/Source/CMSIS_RTOS_V2/cmsis_os2.o
 .bss.Idle_TCB.3
                0x20040914       0xa8 ./Middlewares/Third_Party/FreeRTOS/Source/CMSIS_RTOS_V2/cmsis_os2.o
 .bss.Idle_Stack.2
                0x200409bc      0x200 ./Middlewares/Third_Party/FreeRTOS/Source/CMSIS_RTOS_V2/cmsis_os2.o
 .bss.Timer_TCB.1
                0x20040bbc       0xa8 ./Middlewares/Third_Party/FreeRTOS/Source/CMSIS_RTOS_V2/cmsis_os2.o
 .bss.Timer_Stack.0
                0x20040c64      0x400 ./Middlewares/Third_Party/FreeRTOS/Source/CMSIS_RTOS_V2/cmsis_os2.o
 .bss.xQueueRegistry
                0x20041064       0x40 ./Middlewares/Third_Party/FreeRTOS/Source/queue.o
                0x20041064                xQueueRegistry
 .bss.pxCurrentTCB
                0x200410a4        0x4 ./Middlewares/Third_Party/FreeRTOS/Source/tasks.o
                0x200410a4                pxCurrentTCB
 .bss.pxReadyTasksLists
                0x200410a8      0x460 ./Middlewares/Third_Party/FreeRTOS/Source/tasks.o
 .bss.xDelayedTaskList1
                0x20041508       0x14 ./Middlewares/Third_Party/FreeRTOS/Source/tasks.o
 .bss.xDelayedTaskList2
                0x2004151c       0x14 ./Middlewares/Third_Party/FreeRTOS/Source/tasks.o
 .bss.pxDelayedTaskList
                0x20041530        0x4 ./Middlewares/Third_Party/FreeRTOS/Source/tasks.o
 .bss.pxOverflowDelayedTaskList
                0x20041534        0x4 ./Middlewares/Third_Party/FreeRTOS/Source/tasks.o
 .bss.xPendingReadyList
                0x20041538       0x14 ./Middlewares/Third_Party/FreeRTOS/Source/tasks.o
 .bss.xTasksWaitingTermination
                0x2004154c       0x14 ./Middlewares/Third_Party/FreeRTOS/Source/tasks.o
 .bss.uxDeletedTasksWaitingCleanUp
                0x20041560        0x4 ./Middlewares/Third_Party/FreeRTOS/Source/tasks.o
 .bss.xSuspendedTaskList
                0x20041564       0x14 ./Middlewares/Third_Party/FreeRTOS/Source/tasks.o
 .bss.uxCurrentNumberOfTasks
                0x20041578        0x4 ./Middlewares/Third_Party/FreeRTOS/Source/tasks.o
 .bss.xTickCount
                0x2004157c        0x4 ./Middlewares/Third_Party/FreeRTOS/Source/tasks.o
 .bss.uxTopReadyPriority
                0x20041580        0x4 ./Middlewares/Third_Party/FreeRTOS/Source/tasks.o
 .bss.xSchedulerRunning
                0x20041584        0x4 ./Middlewares/Third_Party/FreeRTOS/Source/tasks.o
 .bss.xPendedTicks
                0x20041588        0x4 ./Middlewares/Third_Party/FreeRTOS/Source/tasks.o
 .bss.xYieldPending
                0x2004158c        0x4 ./Middlewares/Third_Party/FreeRTOS/Source/tasks.o
 .bss.xNumOfOverflows
                0x20041590        0x4 ./Middlewares/Third_Party/FreeRTOS/Source/tasks.o
 .bss.uxTaskNumber
                0x20041594        0x4 ./Middlewares/Third_Party/FreeRTOS/Source/tasks.o
 .bss.xNextTaskUnblockTime
                0x20041598        0x4 ./Middlewares/Third_Party/FreeRTOS/Source/tasks.o
 .bss.xIdleTaskHandle
                0x2004159c        0x4 ./Middlewares/Third_Party/FreeRTOS/Source/tasks.o
 .bss.uxSchedulerSuspended
                0x200415a0        0x4 ./Middlewares/Third_Party/FreeRTOS/Source/tasks.o
 .bss.xActiveTimerList1
                0x200415a4       0x14 ./Middlewares/Third_Party/FreeRTOS/Source/timers.o
 .bss.xActiveTimerList2
                0x200415b8       0x14 ./Middlewares/Third_Party/FreeRTOS/Source/timers.o
 .bss.pxCurrentTimerList
                0x200415cc        0x4 ./Middlewares/Third_Party/FreeRTOS/Source/timers.o
 .bss.pxOverflowTimerList
                0x200415d0        0x4 ./Middlewares/Third_Party/FreeRTOS/Source/timers.o
 .bss.xTimerQueue
                0x200415d4        0x4 ./Middlewares/Third_Party/FreeRTOS/Source/timers.o
 .bss.xTimerTaskHandle
                0x200415d8        0x4 ./Middlewares/Third_Party/FreeRTOS/Source/timers.o
 .bss.xLastTime.2
                0x200415dc        0x4 ./Middlewares/Third_Party/FreeRTOS/Source/timers.o
 .bss.ucStaticTimerQueueStorage.1
                0x200415e0       0xa0 ./Middlewares/Third_Party/FreeRTOS/Source/timers.o
 .bss.xStaticTimerQueue.0
                0x20041680       0x50 ./Middlewares/Third_Party/FreeRTOS/Source/timers.o
 .bss.ucMaxSysCallPriority
                0x200416d0        0x1 ./Middlewares/Third_Party/FreeRTOS/Source/portable/GCC/ARM_CM4F/port.o
 *fill*         0x200416d1        0x3 
 .bss.ulMaxPRIGROUPValue
                0x200416d4        0x4 ./Middlewares/Third_Party/FreeRTOS/Source/portable/GCC/ARM_CM4F/port.o
 .bss.ucHeap    0x200416d8      0xbb8 ./Middlewares/Third_Party/FreeRTOS/Source/portable/MemMang/heap_4.o
 .bss.xStart    0x20042290        0x8 ./Middlewares/Third_Party/FreeRTOS/Source/portable/MemMang/heap_4.o
 .bss.pxEnd     0x20042298        0x4 ./Middlewares/Third_Party/FreeRTOS/Source/portable/MemMang/heap_4.o
 .bss.xFreeBytesRemaining
                0x2004229c        0x4 ./Middlewares/Third_Party/FreeRTOS/Source/portable/MemMang/heap_4.o
 .bss.xMinimumEverFreeBytesRemaining
                0x200422a0        0x4 ./Middlewares/Third_Party/FreeRTOS/Source/portable/MemMang/heap_4.o
 .bss.xNumberOfSuccessfulAllocations
                0x200422a4        0x4 ./Middlewares/Third_Party/FreeRTOS/Source/portable/MemMang/heap_4.o
 .bss.xNumberOfSuccessfulFrees
                0x200422a8        0x4 ./Middlewares/Third_Party/FreeRTOS/Source/portable/MemMang/heap_4.o
 .bss.xBlockAllocatedBit
                0x200422ac        0x4 ./Middlewares/Third_Party/FreeRTOS/Source/portable/MemMang/heap_4.o
 .bss.__sf      0x200422b0      0x138 C:/ST/STM32CubeIDE_1.16.1/STM32CubeIDE/plugins/com.st.stm32cube.ide.mcu.externaltools.gnu-tools-for-stm32.12.3.rel1.win32_1.0.200.202406191623/tools/bin/../lib/gcc/arm-none-eabi/12.3.1/../../../../arm-none-eabi/lib/thumb/v7e-m+fp/hard\libc_nano.a(libc_a-findfp.o)
                0x200422b0                __sf
 .bss.__lock___malloc_recursive_mutex
                0x200423e8        0x1 C:/ST/STM32CubeIDE_1.16.1/STM32CubeIDE/plugins/com.st.stm32cube.ide.mcu.externaltools.gnu-tools-for-stm32.12.3.rel1.win32_1.0.200.202406191623/tools/bin/../lib/gcc/arm-none-eabi/12.3.1/../../../../arm-none-eabi/lib/thumb/v7e-m+fp/hard\libc_nano.a(libc_a-lock.o)
                0x200423e8                __lock___malloc_recursive_mutex
 *fill*         0x200423e9        0x3 
 .bss.__malloc_free_list
                0x200423ec        0x4 C:/ST/STM32CubeIDE_1.16.1/STM32CubeIDE/plugins/com.st.stm32cube.ide.mcu.externaltools.gnu-tools-for-stm32.12.3.rel1.win32_1.0.200.202406191623/tools/bin/../lib/gcc/arm-none-eabi/12.3.1/../../../../arm-none-eabi/lib/thumb/v7e-m+fp/hard\libc_nano.a(libc_a-mallocr.o)
                0x200423ec                __malloc_free_list
 *(COMMON)
                0x200423f0                        . = ALIGN (0x4)
                0x200423f0                        _ebss = .
                0x200423f0                        __bss_end__ = _ebss

._user_heap_stack
                0x200423f0      0x600 load address 0x0800be0c
                0x200423f0                        . = ALIGN (0x8)
                [!provide]                        PROVIDE (end = .)
                0x200423f0                        PROVIDE (_end = .)
                0x200425f0                        . = (. + _Min_Heap_Size)
 *fill*         0x200423f0      0x200 
                0x200429f0                        . = (. + _Min_Stack_Size)
 *fill*         0x200425f0      0x400 
                0x200429f0                        . = ALIGN (0x8)

/DISCARD/
 libc.a(*)
 libm.a(*)
 libgcc.a(*)

.ARM.attributes
                0x00000000       0x30
 *(.ARM.attributes)
 .ARM.attributes
                0x00000000       0x22 C:/ST/STM32CubeIDE_1.16.1/STM32CubeIDE/plugins/com.st.stm32cube.ide.mcu.externaltools.gnu-tools-for-stm32.12.3.rel1.win32_1.0.200.202406191623/tools/bin/../lib/gcc/arm-none-eabi/12.3.1/thumb/v7e-m+fp/hard/crti.o
 .ARM.attributes
                0x00000022       0x34 C:/ST/STM32CubeIDE_1.16.1/STM32CubeIDE/plugins/com.st.stm32cube.ide.mcu.externaltools.gnu-tools-for-stm32.12.3.rel1.win32_1.0.200.202406191623/tools/bin/../lib/gcc/arm-none-eabi/12.3.1/thumb/v7e-m+fp/hard/crtbegin.o
 .ARM.attributes
                0x00000056       0x34 ./Core/Src/main.o
 .ARM.attributes
                0x0000008a       0x34 ./Core/Src/stm32l4xx_hal_msp.o
 .ARM.attributes
                0x000000be       0x34 ./Core/Src/stm32l4xx_hal_timebase_tim.o
 .ARM.attributes
                0x000000f2       0x34 ./Core/Src/stm32l4xx_it.o
 .ARM.attributes
                0x00000126       0x34 ./Core/Src/system_stm32l4xx.o
 .ARM.attributes
                0x0000015a       0x21 ./Core/Startup/startup_stm32l4r5zitx.o
 .ARM.attributes
                0x0000017b       0x34 ./Drivers/STM32L4xx_HAL_Driver/Src/stm32l4xx_hal.o
 .ARM.attributes
                0x000001af       0x34 ./Drivers/STM32L4xx_HAL_Driver/Src/stm32l4xx_hal_adc.o
 .ARM.attributes
                0x000001e3       0x34 ./Drivers/STM32L4xx_HAL_Driver/Src/stm32l4xx_hal_adc_ex.o
 .ARM.attributes
                0x00000217       0x34 ./Drivers/STM32L4xx_HAL_Driver/Src/stm32l4xx_hal_cortex.o
 .ARM.attributes
                0x0000024b       0x34 ./Drivers/STM32L4xx_HAL_Driver/Src/stm32l4xx_hal_dac.o
 .ARM.attributes
                0x0000027f       0x34 ./Drivers/STM32L4xx_HAL_Driver/Src/stm32l4xx_hal_dac_ex.o
 .ARM.attributes
                0x000002b3       0x34 ./Drivers/STM32L4xx_HAL_Driver/Src/stm32l4xx_hal_gpio.o
 .ARM.attributes
                0x000002e7       0x34 ./Drivers/STM32L4xx_HAL_Driver/Src/stm32l4xx_hal_pcd.o
 .ARM.attributes
                0x0000031b       0x34 ./Drivers/STM32L4xx_HAL_Driver/Src/stm32l4xx_hal_pcd_ex.o
 .ARM.attributes
                0x0000034f       0x34 ./Drivers/STM32L4xx_HAL_Driver/Src/stm32l4xx_hal_pwr_ex.o
 .ARM.attributes
                0x00000383       0x34 ./Drivers/STM32L4xx_HAL_Driver/Src/stm32l4xx_hal_rcc.o
 .ARM.attributes
                0x000003b7       0x34 ./Drivers/STM32L4xx_HAL_Driver/Src/stm32l4xx_hal_rcc_ex.o
 .ARM.attributes
                0x000003eb       0x34 ./Drivers/STM32L4xx_HAL_Driver/Src/stm32l4xx_hal_tim.o
 .ARM.attributes
                0x0000041f       0x34 ./Drivers/STM32L4xx_HAL_Driver/Src/stm32l4xx_hal_tim_ex.o
 .ARM.attributes
                0x00000453       0x34 ./Drivers/STM32L4xx_HAL_Driver/Src/stm32l4xx_hal_uart.o
 .ARM.attributes
                0x00000487       0x34 ./Drivers/STM32L4xx_HAL_Driver/Src/stm32l4xx_hal_uart_ex.o
 .ARM.attributes
                0x000004bb       0x34 ./Drivers/STM32L4xx_HAL_Driver/Src/stm32l4xx_ll_usb.o
 .ARM.attributes
                0x000004ef       0x34 ./Middlewares/Third_Party/FreeRTOS/Source/CMSIS_RTOS_V2/cmsis_os2.o
 .ARM.attributes
                0x00000523       0x34 ./Middlewares/Third_Party/FreeRTOS/Source/list.o
 .ARM.attributes
                0x00000557       0x34 ./Middlewares/Third_Party/FreeRTOS/Source/queue.o
 .ARM.attributes
                0x0000058b       0x34 ./Middlewares/Third_Party/FreeRTOS/Source/tasks.o
 .ARM.attributes
                0x000005bf       0x34 ./Middlewares/Third_Party/FreeRTOS/Source/timers.o
 .ARM.attributes
                0x000005f3       0x34 ./Middlewares/Third_Party/FreeRTOS/Source/portable/GCC/ARM_CM4F/port.o
 .ARM.attributes
                0x00000627       0x34 ./Middlewares/Third_Party/FreeRTOS/Source/portable/MemMang/heap_4.o
 .ARM.attributes
                0x0000065b       0x34 C:/ST/STM32CubeIDE_1.16.1/STM32CubeIDE/plugins/com.st.stm32cube.ide.mcu.externaltools.gnu-tools-for-stm32.12.3.rel1.win32_1.0.200.202406191623/tools/bin/../lib/gcc/arm-none-eabi/12.3.1/../../../../arm-none-eabi/lib/thumb/v7e-m+fp/hard\libc_nano.a(libc_a-findfp.o)
 .ARM.attributes
                0x0000068f       0x34 C:/ST/STM32CubeIDE_1.16.1/STM32CubeIDE/plugins/com.st.stm32cube.ide.mcu.externaltools.gnu-tools-for-stm32.12.3.rel1.win32_1.0.200.202406191623/tools/bin/../lib/gcc/arm-none-eabi/12.3.1/../../../../arm-none-eabi/lib/thumb/v7e-m+fp/hard\libc_nano.a(libc_a-memset.o)
 .ARM.attributes
                0x000006c3       0x34 C:/ST/STM32CubeIDE_1.16.1/STM32CubeIDE/plugins/com.st.stm32cube.ide.mcu.externaltools.gnu-tools-for-stm32.12.3.rel1.win32_1.0.200.202406191623/tools/bin/../lib/gcc/arm-none-eabi/12.3.1/../../../../arm-none-eabi/lib/thumb/v7e-m+fp/hard\libc_nano.a(libc_a-reent.o)
 .ARM.attributes
                0x000006f7       0x34 C:/ST/STM32CubeIDE_1.16.1/STM32CubeIDE/plugins/com.st.stm32cube.ide.mcu.externaltools.gnu-tools-for-stm32.12.3.rel1.win32_1.0.200.202406191623/tools/bin/../lib/gcc/arm-none-eabi/12.3.1/../../../../arm-none-eabi/lib/thumb/v7e-m+fp/hard\libc_nano.a(libc_a-impure.o)
 .ARM.attributes
                0x0000072b       0x34 C:/ST/STM32CubeIDE_1.16.1/STM32CubeIDE/plugins/com.st.stm32cube.ide.mcu.externaltools.gnu-tools-for-stm32.12.3.rel1.win32_1.0.200.202406191623/tools/bin/../lib/gcc/arm-none-eabi/12.3.1/../../../../arm-none-eabi/lib/thumb/v7e-m+fp/hard\libc_nano.a(libc_a-init.o)
 .ARM.attributes
                0x0000075f       0x34 C:/ST/STM32CubeIDE_1.16.1/STM32CubeIDE/plugins/com.st.stm32cube.ide.mcu.externaltools.gnu-tools-for-stm32.12.3.rel1.win32_1.0.200.202406191623/tools/bin/../lib/gcc/arm-none-eabi/12.3.1/../../../../arm-none-eabi/lib/thumb/v7e-m+fp/hard\libc_nano.a(libc_a-lock.o)
 .ARM.attributes
                0x00000793       0x34 C:/ST/STM32CubeIDE_1.16.1/STM32CubeIDE/plugins/com.st.stm32cube.ide.mcu.externaltools.gnu-tools-for-stm32.12.3.rel1.win32_1.0.200.202406191623/tools/bin/../lib/gcc/arm-none-eabi/12.3.1/../../../../arm-none-eabi/lib/thumb/v7e-m+fp/hard\libc_nano.a(libc_a-memcpy-stub.o)
 .ARM.attributes
                0x000007c7       0x34 C:/ST/STM32CubeIDE_1.16.1/STM32CubeIDE/plugins/com.st.stm32cube.ide.mcu.externaltools.gnu-tools-for-stm32.12.3.rel1.win32_1.0.200.202406191623/tools/bin/../lib/gcc/arm-none-eabi/12.3.1/../../../../arm-none-eabi/lib/thumb/v7e-m+fp/hard\libc_nano.a(libc_a-freer.o)
 .ARM.attributes
                0x000007fb       0x34 C:/ST/STM32CubeIDE_1.16.1/STM32CubeIDE/plugins/com.st.stm32cube.ide.mcu.externaltools.gnu-tools-for-stm32.12.3.rel1.win32_1.0.200.202406191623/tools/bin/../lib/gcc/arm-none-eabi/12.3.1/../../../../arm-none-eabi/lib/thumb/v7e-m+fp/hard\libc_nano.a(libc_a-mallocr.o)
 .ARM.attributes
                0x0000082f       0x34 C:/ST/STM32CubeIDE_1.16.1/STM32CubeIDE/plugins/com.st.stm32cube.ide.mcu.externaltools.gnu-tools-for-stm32.12.3.rel1.win32_1.0.200.202406191623/tools/bin/../lib/gcc/arm-none-eabi/12.3.1/../../../../arm-none-eabi/lib/thumb/v7e-m+fp/hard\libc_nano.a(libc_a-mlock.o)
 .ARM.attributes
                0x00000863       0x22 C:/ST/STM32CubeIDE_1.16.1/STM32CubeIDE/plugins/com.st.stm32cube.ide.mcu.externaltools.gnu-tools-for-stm32.12.3.rel1.win32_1.0.200.202406191623/tools/bin/../lib/gcc/arm-none-eabi/12.3.1/thumb/v7e-m+fp/hard\libgcc.a(_arm_addsubdf3.o)
 .ARM.attributes
                0x00000885       0x22 C:/ST/STM32CubeIDE_1.16.1/STM32CubeIDE/plugins/com.st.stm32cube.ide.mcu.externaltools.gnu-tools-for-stm32.12.3.rel1.win32_1.0.200.202406191623/tools/bin/../lib/gcc/arm-none-eabi/12.3.1/thumb/v7e-m+fp/hard\libgcc.a(_arm_muldivdf3.o)
 .ARM.attributes
                0x000008a7       0x22 C:/ST/STM32CubeIDE_1.16.1/STM32CubeIDE/plugins/com.st.stm32cube.ide.mcu.externaltools.gnu-tools-for-stm32.12.3.rel1.win32_1.0.200.202406191623/tools/bin/../lib/gcc/arm-none-eabi/12.3.1/thumb/v7e-m+fp/hard\libgcc.a(_arm_cmpdf2.o)
 .ARM.attributes
                0x000008c9       0x22 C:/ST/STM32CubeIDE_1.16.1/STM32CubeIDE/plugins/com.st.stm32cube.ide.mcu.externaltools.gnu-tools-for-stm32.12.3.rel1.win32_1.0.200.202406191623/tools/bin/../lib/gcc/arm-none-eabi/12.3.1/thumb/v7e-m+fp/hard\libgcc.a(_arm_fixunsdfsi.o)
 .ARM.attributes
                0x000008eb       0x22 C:/ST/STM32CubeIDE_1.16.1/STM32CubeIDE/plugins/com.st.stm32cube.ide.mcu.externaltools.gnu-tools-for-stm32.12.3.rel1.win32_1.0.200.202406191623/tools/bin/../lib/gcc/arm-none-eabi/12.3.1/thumb/v7e-m+fp/hard\libgcc.a(_aeabi_uldivmod.o)
 .ARM.attributes